  
     ******************************************************************    
     **********  LSDALTON - An electronic structure program  **********    
     ******************************************************************    
  
      This is output from LSDALTON (Release Dalton2011)
            Authors:                                  
      Sonia Coriani,            University of Trieste,        Italy  
      Trygve Helgaker,          University of Oslo,           Norway 
      Stinne Hoest,             Aarhus University,            Denmark
      Branislav Jansik,         Aarhus University,            Denmark
      Poul Joergensen,          Aarhus University,            Denmark
      Joanna Kauczor,           Aarhus University,            Denmark
      Thomas Kjaergaard,        Aarhus University,            Denmark
      Kasper Kristensen,        Aarhus University,            Denmark
      Jeppe Olsen,              Aarhus University,            Denmark
      Simen Reine,              University of Oslo,           Norway 
      Pawel Salek,              KTH Stockholm,                Sweden 
      Andreas J. Thorvaldsen,   University of Tromsoe,        Norway 
      Lea Thoegersen,           Aarhus University,            Denmark
      Vladimir Rybkin,          University of Oslo,           Norway 
      Vebjoern Bakken,          University of Oslo,           Norway 
      Mark Watson,              University of Oslo,           Norway 
      Andreas Krapp,            University of Oslo,           Norway 
     NOTE:
      
     This is an experimental code for the evaluation of molecular
     properties using SCF wave functions. The authors
     accept no responsibility for the performance of the code or
     for the correctness of the results.
      
     The code (in whole or part) is provided under a licence and
     is not to be reproduced for further distribution without
     the written permission of the authors or their representatives.
      
     See the home page "http://daltonprogram.org"
     for further information.
      
     If results obtained with this code are published,
     an appropriate citation would be:
      
     "LSDalton, a molecular electronic structure program, Release 2011,
      written by <INSERT AUTHOR LIST>"

                    
  Revision info     
--------------------
                    
 Last commit rev          | 8645de303c8e2635bd7f07dd1912d839e1850307
 Last commit author       | Kasper Kristensen 
 Last commit time         | Fri May 10 10:55:33 2013 +0200

Start simulation
     Date and time (Linux)  : Fri May 10 16:52:55 2013
     Host name              : kasper-kristensens-macbook-pro.local    
                      
 -----------------------------------------
          PRINTING THE MOLECULE.INP FILE 
 -----------------------------------------
                      
  ATOMBASIS                               
  Calculation of London shielding constant
  Methane with -OH, -F, and Cl, b3lyp/6-31
      5    0  X  Z                                            
          1.    2      Bas=3-21G Aux=Ahlrichs-Coulomb-Fit     
  H     0.520821    0.080551    1.451675                      
  H     1.965224   -1.097271    0.053015                      
          6.    1      Bas=3-21G Aux=Ahlrichs-Coulomb-Fit     
  C     0.430423    0.005605    0.364687                      
          8.    1      Bas=3-21G Aux=Ahlrichs-Coulomb-Fit     
  O     1.023374   -1.101579   -0.177807                      
          9.    1      Bas=3-21G Aux=Ahlrichs-Coulomb-Fit     
  F     0.989971    1.157250   -0.160167                      
         17.    1      Bas=3-21G Aux=Ahlrichs-Coulomb-Fit     
  Cl   -1.303842   -0.036443   -0.048756                      
                      
 -----------------------------------------
          PRINTING THE DALTON.INP FILE 
 -----------------------------------------
                      
  **WAVE FUNCTIONS                                                                                    
  .DFT                                                                                                
  KT3                                                                                                 
  *DENSOPT                                                                                            
  .RH                                                                                                 
  .DIIS                                                                                               
  .NVEC                                                                                               
  8                                                                                                   
  .CONVTHR                                                                                            
  1.d-7                                                                                               
  **RESPONSE                                                                                          
  *SHIELD                                                                                             
  *SOLVER                                                                                             
  .CONVTHR                                                                                            
  1.d-6                                                                                               
  *END OF INPUT                                                                                       
  
  MOLPRINT IS SET TO       0


                    Cartesian Coordinates Linsca (au)
                    ---------------------------------

   Total number of coordinates: 18
   Written in atomic units    

   1   H        x      0.5208210000
   2            y      0.0805510000
   3            z      1.4516750000

   4   H        x      1.9652240000
   5            y     -1.0972710000
   6            z      0.0530150000

   7   C        x      0.4304230000
   8            y      0.0056050000
   9            z      0.3646870000

  10   O        x      1.0233740000
  11            y     -1.1015790000
  12            z     -0.1778070000

  13   F        x      0.9899710000
  14            y      1.1572500000
  15            z     -0.1601670000

  16   Cl       x     -1.3038420000
  17            y     -0.0364430000
  18            z     -0.0487560000
   
  CALLING BUILD BASIS WITH DEFAULT REGULAR BASIS
   

 Default basis set library used:
        /Users/kk/dalton/LSDALTON/../basis                                                                                                                                                                      
 OPENING FILE/Users/kk/dalton/LSDALTON/../basis/3-21G
   
BASISSETLIBRARY
 Number of Basisset           2
 BASISSET:  3-21G                                             
  CHARGES:    1.0000    6.0000    8.0000    9.0000   17.0000
 BASISSET:  Ahlrichs-Coulomb-Fit                              
  CHARGES:    1.0000    6.0000    8.0000    9.0000   17.0000
                      
   
  CALLING BUILD BASIS WITH DEFAULT AUXILIARY BASIS
   

 Default basis set library used:
        /Users/kk/dalton/LSDALTON/../basis                                                                                                                                                                      
 OPENING FILE/Users/kk/dalton/LSDALTON/../basis/Ahlrichs-Coulomb-Fit
                      
Atoms and basis sets
  Total number of atoms        :      6
  THE  AUXILIARY is on R =   2
---------------------------------------------------------------------
  atom label  charge basisset                prim     cont   basis
---------------------------------------------------------------------
      1 H      1.000 Ahlrichs-Coulomb-Fit      15       14 [4s2p1d|3s2p1d]                              
      2 H      1.000 Ahlrichs-Coulomb-Fit      15       14 [4s2p1d|3s2p1d]                              
      3 C      6.000 Ahlrichs-Coulomb-Fit      40       38 [9s3p3d1f|7s3p3d1f]                          
      4 O      8.000 Ahlrichs-Coulomb-Fit      40       38 [9s3p3d1f|7s3p3d1f]                          
      5 F      9.000 Ahlrichs-Coulomb-Fit      45       43 [9s3p4d1f|7s3p4d1f]                          
      6 Cl    17.000 Ahlrichs-Coulomb-Fit      71       40 [12s6p5d1f1g|5s3p2d1f1g]                     
---------------------------------------------------------------------
total         42                              226      187
---------------------------------------------------------------------
                      
                      
THE MOLECULE
 --------------------------------------------------------------------
 Molecular Charge                    :    0.0000
    Regular basisfunctions             :       44
    Auxiliary basisfunctions           :      187
    CABS basisfunctions                :        0
    JK-fit basisfunctions              :        0
    Valence basisfunctions             :        0
    Primitive Regular basisfunctions   :       78
    Primitive Auxiliary basisfunctions :      226
    Primitive CABS basisfunctions      :        0
    Primitive JK-fit basisfunctions    :        0
    Primitive Valence basisfunctions   :        0
 --------------------------------------------------------------------
                      
                      
 --------------------------------------------------------------------
  atom  charge  Atomicbasis      Auxiliarybasisset   Phantom   nPrimREG  nContREG
 --------------------------------------------------------------------
     1   1.000  3-21G         Ahlrichs-Coulomb-Fit    F              3           2
     2   1.000  3-21G         Ahlrichs-Coulomb-Fit    F              3           2
     3   6.000  3-21G         Ahlrichs-Coulomb-Fit    F             15           9
     4   8.000  3-21G         Ahlrichs-Coulomb-Fit    F             15           9
     5   9.000  3-21G         Ahlrichs-Coulomb-Fit    F             15           9
     6  17.000  3-21G         Ahlrichs-Coulomb-Fit    F             27          13
                      
 The cartesian centers in Atomic units. 
  ATOM  NAME  ISOTOPE            X                 Y                 Z     
     1  H           1        0.52082100        0.08055100        1.45167500
     2  H           1        1.96522400       -1.09727100        0.05301500
     3  C           1        0.43042300        0.00560500        0.36468700
     4  O           1        1.02337400       -1.10157900       -0.17780700
     5  F           1        0.98997100        1.15725000       -0.16016700
     6  Cl          1       -1.30384200       -0.03644300       -0.04875600
                      
                      
Atoms and basis sets
  Total number of atoms        :      6
  THE  REGULAR   is on R =   1
---------------------------------------------------------------------
  atom label  charge basisset                prim     cont   basis
---------------------------------------------------------------------
      1 H      1.000 3-21G                      3        2 [3s|2s]                                      
      2 H      1.000 3-21G                      3        2 [3s|2s]                                      
      3 C      6.000 3-21G                     15        9 [6s3p|3s2p]                                  
      4 O      8.000 3-21G                     15        9 [6s3p|3s2p]                                  
      5 F      9.000 3-21G                     15        9 [6s3p|3s2p]                                  
      6 Cl    17.000 3-21G                     27       13 [9s6p|4s3p]                                  
---------------------------------------------------------------------
total         42                               78       44
---------------------------------------------------------------------
                      
 Configuration:
 ==============
 
     This is a DFT calculation of type: KT3
 Weighted mixed functional:
                      OPTX:   -0.92545
                       LYP:    0.86441
                        KT:   -0.00400
                    Slater:    1.09200
   
  The Exchange-Correlation Grid specifications:
  Radial Quadrature : Treutler-Ahlrichs M4-T2 scheme
                      (J. Chem. Phys. (1995) 102, 346).
                      Implies also that the angular integration quality becomes Z-dependant
  Space partitioning: Stratmann-Scuseria-Frisch partitioning scheme
                      Chem. Phys. Lett. (1996) vol. 213 page 257,
                      Combined with a blockwise handling of grid points
                      J. Chem. Phys. (2004) vol 121, page 2915.
                      Useful for large molecules.

  We use grid pruning according to Mol. Phys. (1993) vol 78 page 997

     DFT LSint Radial integration threshold:   0.5012D-13
     DFT LSint integration order range     :   [  5:  35]
     Hardness of the partioning function   :   3
     DFT LSint screening thresholds        :   0.10D-08   0.20D-09   0.20D-11
     Threshold for number of electrons     :   0.10D-02
     The Exact Exchange Factor             : 0.0000D+00

Density subspace min. method    : DIIS                    
Density optimization : Diagonalization                    

 Maximum size of Fock/density queue in averaging:           8

Convergence threshold for gradient:   0.10E-06
 
We perform the calculation in the Grand Canonical basis
(see PCCP 2009, 11, 5805-5813)
To use the stanard input basis use .NOGCBASIS
 
Since the input basis set is a segmented contracted basis we
perform the integral evaluation in the more efficient
standard input basis and then transform to the Grand 
Canonical basis, which is general contracted.
You can force the integral evaluation in Grand 
Canonical basis by using the keyword
.NOGCINTEGRALTRANSFORM
 
    The Overall Screening threshold is set to              :1.0000E-08
    The Screening threshold used for Coulomb               :1.0000E-10
    The Screening threshold used for Exchange              :1.0000E-08
    The Screening threshold used for One-electron operators:1.0000E-15
 The SCF Convergence Criteria is applied to the gradnorm in AO basis

 End of configuration!

Matrix type: mtype_dense

 Level 1 atomic calculation on 3-21G Charge   1
 ================================================
 QQQ New  h:   4.6531737970648814     
 QQQ New  K:   2.6480388228693177     
 The Coulomb energy contribution   0.31999099679088405     
 The Exchange energy contribution   -0.0000000000000000     
 The Fock energy contribution  -0.31999099679088405     
Total Number of grid points:       10026
 >>>  CPU  Time used in Boxify is     0.00 seconds
 >>>  WALL Time used in Boxify is     0.00 seconds

  Max allocated memory, Grid                  753.473 kB

 >>>  CPU  Time used in gridgeneration2 is     0.01 seconds
 >>>  WALL Time used in gridgeneration2 is     0.01 seconds
  KS electrons/energy:    0.99999999999995   -0.27594083364450 rel.err:-0.54E-13
 >>>  CPU  Time used II_get_xc_Fock_mat is     0.06 seconds
 >>>  WALL Time used II_get_xc_Fock_mat is     0.06 seconds
  Max allocated memory, XC                     66.892 kB
*******************************************************************************************###
 it        E(HF)            dE(HF)      DSMexit  DSM_alpha RHshift   RHinfo  AO gradient     ###
*******************************************************************************************###
  1     -0.4521484462    0.00000000000    0.00      0.00000    0.00    0.0000000    3.54E-02  ###
 The Coulomb energy contribution   0.31437588247930909     
 The Exchange energy contribution   -0.0000000000000000     
 The Fock energy contribution  -0.31437588247930909     
  KS electrons/energy:    0.99999999999995   -0.27082568332202 rel.err:-0.54E-13
 >>>  CPU  Time used II_get_xc_Fock_mat is     0.05 seconds
 >>>  WALL Time used II_get_xc_Fock_mat is     0.05 seconds
  Max allocated memory, XC                     66.892 kB
  2     -0.4523890507   -0.00024060445    0.00      0.00000    0.00    0.0000000    1.84E-03  ###
 The Coulomb energy contribution   0.31464880652120181     
 The Exchange energy contribution   -0.0000000000000000     
 The Fock energy contribution  -0.31464880652120181     
  KS electrons/energy:    0.99999999999995   -0.27107434340062 rel.err:-0.48E-13
 >>>  CPU  Time used II_get_xc_Fock_mat is     0.05 seconds
 >>>  WALL Time used II_get_xc_Fock_mat is     0.05 seconds
  Max allocated memory, XC                     66.892 kB
  3     -0.4523897026   -0.00000065196   -1.00      0.00000    0.00    0.0000000    8.12E-06  ###

 Level 1 atomic calculation on 3-21G Charge   6
 ================================================
 QQQ New  h:   1512.9397196673326     
 QQQ New  K:   303.00857373483979     
 The Coulomb energy contribution    22.530621367500618     
 The Exchange energy contribution   -0.0000000000000000     
 The Fock energy contribution   -22.530621367500618     
Total Number of grid points:       14524
 >>>  CPU  Time used in Boxify is     0.01 seconds
 >>>  WALL Time used in Boxify is     0.01 seconds

  Max allocated memory, Grid                    1.049 MB

 >>>  CPU  Time used in gridgeneration2 is     0.01 seconds
 >>>  WALL Time used in gridgeneration2 is     0.01 seconds
  KS electrons/energy:    6.00000000004879   -6.60793324094363 rel.err: 0.81E-11
 >>>  CPU  Time used II_get_xc_Fock_mat is     0.12 seconds
 >>>  WALL Time used II_get_xc_Fock_mat is     0.13 seconds
  Max allocated memory, XC                    143.012 kB
*******************************************************************************************###
 it        E(HF)            dE(HF)      DSMexit  DSM_alpha RHshift   RHinfo  AO gradient     ###
*******************************************************************************************###
  1    -36.7571191702    0.00000000000    0.00      0.00000    0.00    0.0000000    2.73E+00  ###
 The Coulomb energy contribution    15.780271241198378     
 The Exchange energy contribution   -0.0000000000000000     
 The Fock energy contribution   -15.780271241198378     
  KS electrons/energy:    6.00000000004789   -5.46968389127495 rel.err: 0.80E-11
 >>>  CPU  Time used II_get_xc_Fock_mat is     0.11 seconds
 >>>  WALL Time used II_get_xc_Fock_mat is     0.11 seconds
  Max allocated memory, XC                    143.012 kB
  2    -37.9380674578   -1.18094828752    0.00      0.00000    0.00    0.0000000    1.37E+00  ###
 The Coulomb energy contribution    17.602670918080641     
 The Exchange energy contribution   -0.0000000000000000     
 The Fock energy contribution   -17.602670918080641     
  KS electrons/energy:    6.00000000004845   -5.73921898274629 rel.err: 0.81E-11
 >>>  CPU  Time used II_get_xc_Fock_mat is     0.11 seconds
 >>>  WALL Time used II_get_xc_Fock_mat is     0.11 seconds
  Max allocated memory, XC                    143.012 kB
  3    -38.2047660111   -0.26669855331   -1.00      0.00000    0.00    0.0000000    9.38E-02  ###
 The Coulomb energy contribution    17.728110780493811     
 The Exchange energy contribution   -0.0000000000000000     
 The Fock energy contribution   -17.728110780493811     
  KS electrons/energy:    6.00000000004845   -5.75911075877397 rel.err: 0.81E-11
 >>>  CPU  Time used II_get_xc_Fock_mat is     0.11 seconds
 >>>  WALL Time used II_get_xc_Fock_mat is     0.11 seconds
  Max allocated memory, XC                    143.012 kB
  4    -38.2058919843   -0.00112597325   -1.00      0.00000    0.00    0.0000000    7.04E-03  ###
 The Coulomb energy contribution    17.739297665954886     
 The Exchange energy contribution   -0.0000000000000000     
 The Fock energy contribution   -17.739297665954886     
  KS electrons/energy:    6.00000000004842   -5.76087468100879 rel.err: 0.81E-11
 >>>  CPU  Time used II_get_xc_Fock_mat is     0.11 seconds
 >>>  WALL Time used II_get_xc_Fock_mat is     0.11 seconds
  Max allocated memory, XC                    143.012 kB
  5    -38.2058987683   -0.00000678403   -1.00      0.00000    0.00    0.0000000    3.75E-04  ###

 Level 1 atomic calculation on 3-21G Charge   8
 ================================================
 QQQ New  h:   5030.9041418753586     
 QQQ New  K:   1045.7312117276597     
 The Coulomb energy contribution    49.780354345454604     
 The Exchange energy contribution   -0.0000000000000000     
 The Fock energy contribution   -49.780354345454604     
Total Number of grid points:       14368
 >>>  CPU  Time used in Boxify is     0.01 seconds
 >>>  WALL Time used in Boxify is     0.01 seconds

  Max allocated memory, Grid                    1.038 MB

 >>>  CPU  Time used in gridgeneration2 is     0.01 seconds
 >>>  WALL Time used in gridgeneration2 is     0.01 seconds
  KS electrons/energy:    7.99999999983059  -11.43525797650811 rel.err:-0.21E-10
 >>>  CPU  Time used II_get_xc_Fock_mat is     0.12 seconds
 >>>  WALL Time used II_get_xc_Fock_mat is     0.13 seconds
  Max allocated memory, XC                    143.012 kB
*******************************************************************************************###
 it        E(HF)            dE(HF)      DSMexit  DSM_alpha RHshift   RHinfo  AO gradient     ###
*******************************************************************************************###
  1    -71.2742479928    0.00000000000    0.00      0.00000    0.00    0.0000000    7.39E+00  ###
 The Coulomb energy contribution    30.262326840182588     
 The Exchange energy contribution   -0.0000000000000000     
 The Fock energy contribution   -30.262326840182588     
  KS electrons/energy:    7.99999999983749   -8.47869672036755 rel.err:-0.20E-10
 >>>  CPU  Time used II_get_xc_Fock_mat is     0.11 seconds
 >>>  WALL Time used II_get_xc_Fock_mat is     0.11 seconds
  Max allocated memory, XC                    143.012 kB
  2    -74.1541331728   -2.87988518002    0.00      0.00000    0.00    0.0000000    5.12E+00  ###
 The Coulomb energy contribution    35.952947525825437     
 The Exchange energy contribution   -0.0000000000000000     
 The Fock energy contribution   -35.952947525825437     
  KS electrons/energy:    7.99999999983464   -9.20858978048930 rel.err:-0.21E-10
 >>>  CPU  Time used II_get_xc_Fock_mat is     0.11 seconds
 >>>  WALL Time used II_get_xc_Fock_mat is     0.11 seconds
  Max allocated memory, XC                    143.012 kB
  3    -75.5037219178   -1.34958874501   -1.00      0.00000    0.00    0.0000000    6.11E-01  ###
 The Coulomb energy contribution    36.658257299158350     
 The Exchange energy contribution   -0.0000000000000000     
 The Fock energy contribution   -36.658257299158350     
  KS electrons/energy:    7.99999999983419   -9.30935876525910 rel.err:-0.21E-10
 >>>  CPU  Time used II_get_xc_Fock_mat is     0.11 seconds
 >>>  WALL Time used II_get_xc_Fock_mat is     0.11 seconds
  Max allocated memory, XC                    143.012 kB
  4    -75.5198735421   -0.01615162426   -1.00      0.00000    0.00    0.0000000    6.36E-02  ###
 The Coulomb energy contribution    36.746166271603144     
 The Exchange energy contribution   -0.0000000000000000     
 The Fock energy contribution   -36.746166271603144     
  KS electrons/energy:    7.99999999983426   -9.32205974918180 rel.err:-0.21E-10
 >>>  CPU  Time used II_get_xc_Fock_mat is     0.11 seconds
 >>>  WALL Time used II_get_xc_Fock_mat is     0.11 seconds
  Max allocated memory, XC                    143.012 kB
  5    -75.5200519211   -0.00017837896   -1.00      0.00000    0.00    0.0000000    3.46E-03  ###
 The Coulomb energy contribution    36.741736913787598     
 The Exchange energy contribution   -0.0000000000000000     
 The Fock energy contribution   -36.741736913787598     
  KS electrons/energy:    7.99999999983417   -9.32141703823202 rel.err:-0.21E-10
 >>>  CPU  Time used II_get_xc_Fock_mat is     0.11 seconds
 >>>  WALL Time used II_get_xc_Fock_mat is     0.11 seconds
  Max allocated memory, XC                    143.012 kB
  6    -75.5200524431   -0.00000052207   -1.00      0.00000    0.00    0.0000000    5.78E-05  ###

 Level 1 atomic calculation on 3-21G Charge   9
 ================================================
 QQQ New  h:   8191.5000032901125     
 QQQ New  K:   1725.6225649108558     
 The Coulomb energy contribution    69.486814020618283     
 The Exchange energy contribution   -0.0000000000000000     
 The Fock energy contribution   -69.486814020618283     
Total Number of grid points:       14812
 >>>  CPU  Time used in Boxify is     0.01 seconds
 >>>  WALL Time used in Boxify is     0.01 seconds

  Max allocated memory, Grid                    1.068 MB

 >>>  CPU  Time used in gridgeneration2 is     0.01 seconds
 >>>  WALL Time used in gridgeneration2 is     0.01 seconds
  KS electrons/energy:    9.00000000044540  -14.48066205904646 rel.err: 0.49E-10
 >>>  CPU  Time used II_get_xc_Fock_mat is     0.12 seconds
 >>>  WALL Time used II_get_xc_Fock_mat is     0.13 seconds
  Max allocated memory, XC                    143.012 kB
*******************************************************************************************###
 it        E(HF)            dE(HF)      DSMexit  DSM_alpha RHshift   RHinfo  AO gradient     ###
*******************************************************************************************###
  1    -93.8117750562    0.00000000000    0.00      0.00000    0.00    0.0000000    1.12E+01  ###
 The Coulomb energy contribution    40.185145791311491     
 The Exchange energy contribution   -0.0000000000000000     
 The Fock energy contribution   -40.185145791311491     
  KS electrons/energy:    9.00000000042067  -10.23116653441332 rel.err: 0.47E-10
 >>>  CPU  Time used II_get_xc_Fock_mat is     0.11 seconds
 >>>  WALL Time used II_get_xc_Fock_mat is     0.11 seconds
  Max allocated memory, XC                    143.012 kB
  2    -97.8448013313   -4.03302627510    0.00      0.00000    0.00    0.0000000    8.50E+00  ###
 The Coulomb energy contribution    48.865370421850166     
 The Exchange energy contribution   -0.0000000000000000     
 The Fock energy contribution   -48.865370421850166     
  KS electrons/energy:    9.00000000043038  -11.29612154366100 rel.err: 0.48E-10
 >>>  CPU  Time used II_get_xc_Fock_mat is     0.11 seconds
 >>>  WALL Time used II_get_xc_Fock_mat is     0.11 seconds
  Max allocated memory, XC                    143.012 kB
  3   -100.2398436942   -2.39504236296   -1.00      0.00000    0.00    0.0000000    1.13E+00  ###
 The Coulomb energy contribution    50.051037374186841     
 The Exchange energy contribution   -0.0000000000000000     
 The Fock energy contribution   -50.051037374186841     
  KS electrons/energy:    9.00000000043133  -11.45979399273738 rel.err: 0.48E-10
 >>>  CPU  Time used II_get_xc_Fock_mat is     0.11 seconds
 >>>  WALL Time used II_get_xc_Fock_mat is     0.11 seconds
  Max allocated memory, XC                    143.012 kB
  4   -100.2739634070   -0.03411971276   -1.00      0.00000    0.00    0.0000000    1.39E-01  ###
 The Coulomb energy contribution    50.227154777647570     
 The Exchange energy contribution   -0.0000000000000000     
 The Fock energy contribution   -50.227154777647570     
  KS electrons/energy:    9.00000000043135  -11.48445396978817 rel.err: 0.48E-10
 >>>  CPU  Time used II_get_xc_Fock_mat is     0.11 seconds
 >>>  WALL Time used II_get_xc_Fock_mat is     0.11 seconds
  Max allocated memory, XC                    143.012 kB
  5   -100.2744794993   -0.00051609236   -1.00      0.00000    0.00    0.0000000    7.24E-03  ###
 The Coulomb energy contribution    50.218561429294276     
 The Exchange energy contribution   -0.0000000000000000     
 The Fock energy contribution   -50.218561429294276     
  KS electrons/energy:    9.00000000043149  -11.48324958186503 rel.err: 0.48E-10
 >>>  CPU  Time used II_get_xc_Fock_mat is     0.11 seconds
 >>>  WALL Time used II_get_xc_Fock_mat is     0.11 seconds
  Max allocated memory, XC                    143.012 kB
  6   -100.2744809021   -0.00000140281   -1.00      0.00000    0.00    0.0000000    9.95E-05  ###

 Level 1 atomic calculation on 3-21G Charge  17
 ================================================
 QQQ New  h:   98265.502210893654     
 QQQ New  K:   21204.644503172327     
 The Coulomb energy contribution    224.26144996770864     
 The Exchange energy contribution   -0.0000000000000000     
 The Fock energy contribution   -224.26144996770864     
Total Number of grid points:       14762
 >>>  CPU  Time used in Boxify is     0.01 seconds
 >>>  WALL Time used in Boxify is     0.01 seconds

  Max allocated memory, Grid                    1.065 MB

 >>>  CPU  Time used in gridgeneration2 is     0.01 seconds
 >>>  WALL Time used in gridgeneration2 is     0.01 seconds
  KS electrons/energy:   17.00000000030180  -32.99948138367256 rel.err: 0.18E-10
 >>>  CPU  Time used II_get_xc_Fock_mat is     0.16 seconds
 >>>  WALL Time used II_get_xc_Fock_mat is     0.16 seconds
  Max allocated memory, XC                    183.476 kB
*******************************************************************************************###
 it        E(HF)            dE(HF)      DSMexit  DSM_alpha RHshift   RHinfo  AO gradient     ###
*******************************************************************************************###
  1   -458.1625797953    0.00000000000    0.00      0.00000    0.00    0.0000000    2.98E+00  ###
 The Coulomb energy contribution    186.23507600241615     
 The Exchange energy contribution   -0.0000000000000000     
 The Fock energy contribution   -186.23507600241615     
  KS electrons/energy:   17.00000000029559  -30.01069539155905 rel.err: 0.17E-10
 >>>  CPU  Time used II_get_xc_Fock_mat is     0.14 seconds
 >>>  WALL Time used II_get_xc_Fock_mat is     0.14 seconds
  Max allocated memory, XC                    183.476 kB
  2   -459.7254651274   -1.56288533212    0.00      0.00000    0.00    0.0000000    3.47E+00  ###
 The Coulomb energy contribution    200.09375663170525     
 The Exchange energy contribution   -0.0000000000000000     
 The Fock energy contribution   -200.09375663170525     
  KS electrons/energy:   17.00000000029861  -30.98049034395208 rel.err: 0.18E-10
 >>>  CPU  Time used II_get_xc_Fock_mat is     0.14 seconds
 >>>  WALL Time used II_get_xc_Fock_mat is     0.14 seconds
  Max allocated memory, XC                    183.476 kB
  3   -460.9267494090   -1.20128428158   -1.00      0.00000    0.00    0.0000000    6.24E-01  ###
 The Coulomb energy contribution    202.70749422103475     
 The Exchange energy contribution   -0.0000000000000000     
 The Fock energy contribution   -202.70749422103475     
  KS electrons/energy:   17.00000000029902  -31.17904104826432 rel.err: 0.18E-10
 >>>  CPU  Time used II_get_xc_Fock_mat is     0.14 seconds
 >>>  WALL Time used II_get_xc_Fock_mat is     0.14 seconds
  Max allocated memory, XC                    183.476 kB
  4   -460.9686967243   -0.04194731527   -1.00      0.00000    0.00    0.0000000    1.23E-01  ###
 The Coulomb energy contribution    203.36176191115430     
 The Exchange energy contribution   -0.0000000000000000     
 The Fock energy contribution   -203.36176191115430     
  KS electrons/energy:   17.00000000029899  -31.22957066525119 rel.err: 0.18E-10
 >>>  CPU  Time used II_get_xc_Fock_mat is     0.14 seconds
 >>>  WALL Time used II_get_xc_Fock_mat is     0.14 seconds
  Max allocated memory, XC                    183.476 kB
  5   -460.9704347055   -0.00173798128   -1.00      0.00000    0.00    0.0000000    6.68E-04  ###
Matrix type: mtype_dense
 QQQ New  h:   170926.94281492170     
 QQQ New  K:   29772.576355005007     

 First density: Atoms in molecule guess

 The Coulomb energy contribution    595.87672237240884     
 The Exchange energy contribution    0.0000000000000000     
 The Fock energy contribution   -595.87672237240895     
Total Number of grid points:       78518
 >>>  CPU  Time used in Boxify is     0.05 seconds
 >>>  WALL Time used in Boxify is     0.05 seconds

  Max allocated memory, Grid                    3.746 MB

 >>>  CPU  Time used in gridgeneration2 is     0.22 seconds
 >>>  WALL Time used in gridgeneration2 is     0.22 seconds
  KS electrons/energy:   42.00003997752717  -61.30249214146006 rel.err: 0.95E-06
 >>>  CPU  Time used II_get_xc_Fock_mat is     1.84 seconds
 >>>  WALL Time used II_get_xc_Fock_mat is     1.86 seconds
  Max allocated memory, XC                    555.712 kB
  Iteration 0 energy:  -682.42306820714123     

Max no. of matrices allocated in Level 2 / get_initial_dens:         24
 Preparing to do S^1/2 decomposition...
Matrix S     has nnz=      1560 sparsity:     80.579 %
Matrix AO D  has nnz=      1936 sparsity:    100.000 %
  Relative convergence threshold for solver:  1.00000000000000002E-002
  SCF Convergence criteria for gradient norm:  9.99999999999999955E-008
** Get Fock matrix number   1
 The Coulomb energy contribution    626.28534413286752     
 The Exchange energy contribution    0.0000000000000000     
 The Fock energy contribution   -626.28534413286741     
  KS electrons/energy:   42.00004097452894  -63.89223851120788 rel.err: 0.98E-06
 >>>  CPU  Time used II_get_xc_Fock_mat is     1.62 seconds
 >>>  WALL Time used II_get_xc_Fock_mat is     1.63 seconds
  Max allocated memory, XC                    555.712 kB
*******************************************************************************************###
 it        E(HF)            dE(HF)      DSMexit  DSM_alpha RHshift   RHinfo  AO gradient     ###
*******************************************************************************************###
  1   -669.0417438573    0.00000000000    0.00      0.00000    0.00    0.0000000    6.14E+00  ###
*=*=*=*=*=*=*=*=*=*=*=*=*=*=*=*=*=*=*=*=*=*=*=*=*=*=*=*
                  Memory statistics, iteration   1
*=*=*=*=*=*=*=*=*=*=*=*=*=*=*=*=*=*=*=*=*=*=*=*=*=*=*=*
  Max allocated memory, TOTAL                          4.845 MB
  Max allocated memory, type(matrix)                 232.328 kB
  Max allocated memory, real                           2.742 MB
  Max allocated memory, integer                      418.144 kB
  Max allocated memory, logical                      316.712 kB
  Max allocated memory, character                      4.016 kB
  Max allocated memory, AOBATCH                       38.192 kB
  Max allocated memory, ARRAY                        732.000 kB
  Max allocated memory, ODBATCH                       26.400 kB
  Max allocated memory, LSAOTENSOR                    21.888 kB
  Max allocated memory, SLSAOTENSOR                   20.976 kB
  Max allocated memory, ATOMTYPEITEM                 573.960 kB
  Max allocated memory, ATOMITEM                       3.024 kB
  Max allocated memory, LSMATRIX                       7.632 kB
  Max allocated memory, overlapType                  390.816 kB
  Max allocated memory, integrand                     64.512 kB
  Max allocated memory, integralitem                 829.440 kB
  Max allocated memory, IntWork                       25.720 kB
  Max allocated memory, overlap                      388.436 kB
  Max allocated memory, ODitem                        19.200 kB
  Max allocated memory, lstensor                      76.363 kB

  Allocated memory,     TOTAL                   1.522 MB
  Allocated memory,     type(matrix)          185.856 kB
  Allocated memory,     real                    4.320 kB
  Allocated memory,     integer                 4.301 kB
  Allocated memory,     logical                 2.640 kB
  Allocated memory,     character               1.600 kB
  Allocated memory,     ARRAY                 732.000 kB
  Allocated memory,     SLSAOTENSOR             7.728 kB
  Allocated memory,     ATOMTYPEITEM          573.960 kB
  Allocated memory,     ATOMITEM                2.592 kB
  Allocated memory,     lstensor                6.759 kB
*=*=*=*=*=*=*=*=*=*=*=*=*=*=*=*=*=*=*=*=*=*=*=*=*=*=*=*

 general fifoqueue%offset           0
** Make average of the last F and D matrices
 after general fifoqueue%offset           0
** Get new density 
 after DOPT_get_density fifoqueue%offset           0
No. of matmuls in get_density:     1
** Get Fock matrix number   2
 The Coulomb energy contribution    585.82771174887978     
 The Exchange energy contribution    0.0000000000000000     
 The Fock energy contribution   -585.82771174887921     
  KS electrons/energy:   42.00003942643357  -60.97703668825294 rel.err: 0.94E-06
 >>>  CPU  Time used II_get_xc_Fock_mat is     1.63 seconds
 >>>  WALL Time used II_get_xc_Fock_mat is     1.63 seconds
  Max allocated memory, XC                    555.712 kB
  2   -668.3874996573    0.65424420005    0.00      0.00000    0.00    0.0000000    8.46E+00  ###
*=*=*=*=*=*=*=*=*=*=*=*=*=*=*=*=*=*=*=*=*=*=*=*=*=*=*=*
                  Memory statistics, iteration   2
*=*=*=*=*=*=*=*=*=*=*=*=*=*=*=*=*=*=*=*=*=*=*=*=*=*=*=*
  Max allocated memory, TOTAL                          4.845 MB
  Max allocated memory, type(matrix)                 278.792 kB
  Max allocated memory, real                           2.742 MB
  Max allocated memory, integer                      418.144 kB
  Max allocated memory, logical                      316.712 kB
  Max allocated memory, character                      4.016 kB
  Max allocated memory, AOBATCH                       38.192 kB
  Max allocated memory, ARRAY                        732.000 kB
  Max allocated memory, ODBATCH                       26.400 kB
  Max allocated memory, LSAOTENSOR                    21.888 kB
  Max allocated memory, SLSAOTENSOR                   20.976 kB
  Max allocated memory, ATOMTYPEITEM                 573.960 kB
  Max allocated memory, ATOMITEM                       3.024 kB
  Max allocated memory, LSMATRIX                       7.632 kB
  Max allocated memory, overlapType                  395.232 kB
  Max allocated memory, integrand                     64.512 kB
  Max allocated memory, integralitem                 829.440 kB
  Max allocated memory, IntWork                       25.720 kB
  Max allocated memory, overlap                      388.436 kB
  Max allocated memory, ODitem                        19.200 kB
  Max allocated memory, lstensor                      76.363 kB

  Allocated memory,     TOTAL                   1.568 MB
  Allocated memory,     type(matrix)          232.320 kB
  Allocated memory,     real                    4.320 kB
  Allocated memory,     integer                 4.301 kB
  Allocated memory,     logical                 2.640 kB
  Allocated memory,     character               1.600 kB
  Allocated memory,     ARRAY                 732.000 kB
  Allocated memory,     SLSAOTENSOR             7.728 kB
  Allocated memory,     ATOMTYPEITEM          573.960 kB
  Allocated memory,     ATOMITEM                2.592 kB
  Allocated memory,     lstensor                6.759 kB
*=*=*=*=*=*=*=*=*=*=*=*=*=*=*=*=*=*=*=*=*=*=*=*=*=*=*=*

 general fifoqueue%offset           0
** Make average of the last F and D matrices
 after general fifoqueue%offset           0
** Get new density 
 after DOPT_get_density fifoqueue%offset           0
No. of matmuls in get_density:     1
** Get Fock matrix number   3
 The Coulomb energy contribution    613.14393188232634     
 The Exchange energy contribution    0.0000000000000000     
 The Fock energy contribution   -613.14393188232589     
  KS electrons/energy:   42.00004048574553  -62.84343840019483 rel.err: 0.96E-06
 >>>  CPU  Time used II_get_xc_Fock_mat is     1.63 seconds
 >>>  WALL Time used II_get_xc_Fock_mat is     1.64 seconds
  Max allocated memory, XC                    555.712 kB
  3   -669.5653005072   -1.17780084986   -1.00      0.00000    0.00    0.0000000    6.26E-01  ###
*=*=*=*=*=*=*=*=*=*=*=*=*=*=*=*=*=*=*=*=*=*=*=*=*=*=*=*
                  Memory statistics, iteration   3
*=*=*=*=*=*=*=*=*=*=*=*=*=*=*=*=*=*=*=*=*=*=*=*=*=*=*=*
  Max allocated memory, TOTAL                          4.845 MB
  Max allocated memory, type(matrix)                 325.256 kB
  Max allocated memory, real                           2.742 MB
  Max allocated memory, integer                      418.144 kB
  Max allocated memory, logical                      316.712 kB
  Max allocated memory, character                      4.016 kB
  Max allocated memory, AOBATCH                       38.192 kB
  Max allocated memory, ARRAY                        732.000 kB
  Max allocated memory, ODBATCH                       26.400 kB
  Max allocated memory, LSAOTENSOR                    21.888 kB
  Max allocated memory, SLSAOTENSOR                   20.976 kB
  Max allocated memory, ATOMTYPEITEM                 573.960 kB
  Max allocated memory, ATOMITEM                       3.024 kB
  Max allocated memory, LSMATRIX                       7.632 kB
  Max allocated memory, overlapType                  395.232 kB
  Max allocated memory, integrand                     64.512 kB
  Max allocated memory, integralitem                 829.440 kB
  Max allocated memory, IntWork                       25.720 kB
  Max allocated memory, overlap                      388.436 kB
  Max allocated memory, ODitem                        19.200 kB
  Max allocated memory, lstensor                      76.363 kB

  Allocated memory,     TOTAL                   1.615 MB
  Allocated memory,     type(matrix)          278.784 kB
  Allocated memory,     real                    4.320 kB
  Allocated memory,     integer                 4.301 kB
  Allocated memory,     logical                 2.640 kB
  Allocated memory,     character               1.600 kB
  Allocated memory,     ARRAY                 732.000 kB
  Allocated memory,     SLSAOTENSOR             7.728 kB
  Allocated memory,     ATOMTYPEITEM          573.960 kB
  Allocated memory,     ATOMITEM                2.592 kB
  Allocated memory,     lstensor                6.759 kB
*=*=*=*=*=*=*=*=*=*=*=*=*=*=*=*=*=*=*=*=*=*=*=*=*=*=*=*

 general fifoqueue%offset           0
** Make average of the last F and D matrices
 after general fifoqueue%offset           0
** Get new density 
 after DOPT_get_density fifoqueue%offset           0
No. of matmuls in get_density:     1
** Get Fock matrix number   4
 The Coulomb energy contribution    610.72520720534214     
 The Exchange energy contribution    0.0000000000000000     
 The Fock energy contribution   -610.72520720534294     
  KS electrons/energy:   42.00004040920486  -62.68543384355240 rel.err: 0.96E-06
 >>>  CPU  Time used II_get_xc_Fock_mat is     1.63 seconds
 >>>  WALL Time used II_get_xc_Fock_mat is     1.63 seconds
  Max allocated memory, XC                    555.712 kB
  4   -669.5776013266   -0.01230081947   -1.00      0.00000    0.00    0.0000000    1.49E-01  ###
*=*=*=*=*=*=*=*=*=*=*=*=*=*=*=*=*=*=*=*=*=*=*=*=*=*=*=*
                  Memory statistics, iteration   4
*=*=*=*=*=*=*=*=*=*=*=*=*=*=*=*=*=*=*=*=*=*=*=*=*=*=*=*
  Max allocated memory, TOTAL                          4.845 MB
  Max allocated memory, type(matrix)                 371.720 kB
  Max allocated memory, real                           2.742 MB
  Max allocated memory, integer                      418.144 kB
  Max allocated memory, logical                      316.712 kB
  Max allocated memory, character                      4.016 kB
  Max allocated memory, AOBATCH                       38.192 kB
  Max allocated memory, ARRAY                        732.000 kB
  Max allocated memory, ODBATCH                       26.400 kB
  Max allocated memory, LSAOTENSOR                    21.888 kB
  Max allocated memory, SLSAOTENSOR                   20.976 kB
  Max allocated memory, ATOMTYPEITEM                 573.960 kB
  Max allocated memory, ATOMITEM                       3.024 kB
  Max allocated memory, LSMATRIX                       7.632 kB
  Max allocated memory, overlapType                  395.232 kB
  Max allocated memory, integrand                     64.512 kB
  Max allocated memory, integralitem                 829.440 kB
  Max allocated memory, IntWork                       25.720 kB
  Max allocated memory, overlap                      388.436 kB
  Max allocated memory, ODitem                        19.200 kB
  Max allocated memory, lstensor                      76.363 kB

  Allocated memory,     TOTAL                   1.661 MB
  Allocated memory,     type(matrix)          325.248 kB
  Allocated memory,     real                    4.320 kB
  Allocated memory,     integer                 4.301 kB
  Allocated memory,     logical                 2.640 kB
  Allocated memory,     character               1.600 kB
  Allocated memory,     ARRAY                 732.000 kB
  Allocated memory,     SLSAOTENSOR             7.728 kB
  Allocated memory,     ATOMTYPEITEM          573.960 kB
  Allocated memory,     ATOMITEM                2.592 kB
  Allocated memory,     lstensor                6.759 kB
*=*=*=*=*=*=*=*=*=*=*=*=*=*=*=*=*=*=*=*=*=*=*=*=*=*=*=*

 general fifoqueue%offset           0
** Make average of the last F and D matrices
 after general fifoqueue%offset           0
** Get new density 
 after DOPT_get_density fifoqueue%offset           0
No. of matmuls in get_density:     1
** Get Fock matrix number   5
 The Coulomb energy contribution    611.12773760780397     
 The Exchange energy contribution    0.0000000000000000     
 The Fock energy contribution   -611.12773760780374     
  KS electrons/energy:   42.00004042828710  -62.70994003808016 rel.err: 0.96E-06
 >>>  CPU  Time used II_get_xc_Fock_mat is     1.63 seconds
 >>>  WALL Time used II_get_xc_Fock_mat is     1.63 seconds
  Max allocated memory, XC                    555.712 kB
  5   -669.5783482909   -0.00074696432   -1.00      0.00000    0.00    0.0000000    3.61E-02  ###
*=*=*=*=*=*=*=*=*=*=*=*=*=*=*=*=*=*=*=*=*=*=*=*=*=*=*=*
                  Memory statistics, iteration   5
*=*=*=*=*=*=*=*=*=*=*=*=*=*=*=*=*=*=*=*=*=*=*=*=*=*=*=*
  Max allocated memory, TOTAL                          4.845 MB
  Max allocated memory, type(matrix)                 418.184 kB
  Max allocated memory, real                           2.742 MB
  Max allocated memory, integer                      418.144 kB
  Max allocated memory, logical                      316.712 kB
  Max allocated memory, character                      4.016 kB
  Max allocated memory, AOBATCH                       38.192 kB
  Max allocated memory, ARRAY                        732.000 kB
  Max allocated memory, ODBATCH                       26.400 kB
  Max allocated memory, LSAOTENSOR                    21.888 kB
  Max allocated memory, SLSAOTENSOR                   20.976 kB
  Max allocated memory, ATOMTYPEITEM                 573.960 kB
  Max allocated memory, ATOMITEM                       3.024 kB
  Max allocated memory, LSMATRIX                       7.632 kB
  Max allocated memory, overlapType                  395.232 kB
  Max allocated memory, integrand                     64.512 kB
  Max allocated memory, integralitem                 829.440 kB
  Max allocated memory, IntWork                       25.720 kB
  Max allocated memory, overlap                      388.436 kB
  Max allocated memory, ODitem                        19.200 kB
  Max allocated memory, lstensor                      76.363 kB

  Allocated memory,     TOTAL                   1.708 MB
  Allocated memory,     type(matrix)          371.712 kB
  Allocated memory,     real                    4.320 kB
  Allocated memory,     integer                 4.301 kB
  Allocated memory,     logical                 2.640 kB
  Allocated memory,     character               1.600 kB
  Allocated memory,     ARRAY                 732.000 kB
  Allocated memory,     SLSAOTENSOR             7.728 kB
  Allocated memory,     ATOMTYPEITEM          573.960 kB
  Allocated memory,     ATOMITEM                2.592 kB
  Allocated memory,     lstensor                6.759 kB
*=*=*=*=*=*=*=*=*=*=*=*=*=*=*=*=*=*=*=*=*=*=*=*=*=*=*=*

 general fifoqueue%offset           0
** Make average of the last F and D matrices
 after general fifoqueue%offset           0
** Get new density 
 after DOPT_get_density fifoqueue%offset           0
No. of matmuls in get_density:     1
** Get Fock matrix number   6
 The Coulomb energy contribution    611.09290244136150     
 The Exchange energy contribution    0.0000000000000000     
 The Fock energy contribution   -611.09290244136264     
  KS electrons/energy:   42.00004042594358  -62.70735494042408 rel.err: 0.96E-06
 >>>  CPU  Time used II_get_xc_Fock_mat is     1.62 seconds
 >>>  WALL Time used II_get_xc_Fock_mat is     1.63 seconds
  Max allocated memory, XC                    555.712 kB
  6   -669.5783756817   -0.00002739077   -1.00      0.00000    0.00    0.0000000    7.72E-03  ###
*=*=*=*=*=*=*=*=*=*=*=*=*=*=*=*=*=*=*=*=*=*=*=*=*=*=*=*
                  Memory statistics, iteration   6
*=*=*=*=*=*=*=*=*=*=*=*=*=*=*=*=*=*=*=*=*=*=*=*=*=*=*=*
  Max allocated memory, TOTAL                          4.845 MB
  Max allocated memory, type(matrix)                 464.648 kB
  Max allocated memory, real                           2.742 MB
  Max allocated memory, integer                      418.144 kB
  Max allocated memory, logical                      316.712 kB
  Max allocated memory, character                      4.016 kB
  Max allocated memory, AOBATCH                       38.192 kB
  Max allocated memory, ARRAY                        732.000 kB
  Max allocated memory, ODBATCH                       26.400 kB
  Max allocated memory, LSAOTENSOR                    21.888 kB
  Max allocated memory, SLSAOTENSOR                   20.976 kB
  Max allocated memory, ATOMTYPEITEM                 573.960 kB
  Max allocated memory, ATOMITEM                       3.024 kB
  Max allocated memory, LSMATRIX                       7.632 kB
  Max allocated memory, overlapType                  395.232 kB
  Max allocated memory, integrand                     64.512 kB
  Max allocated memory, integralitem                 829.440 kB
  Max allocated memory, IntWork                       25.720 kB
  Max allocated memory, overlap                      388.436 kB
  Max allocated memory, ODitem                        19.200 kB
  Max allocated memory, lstensor                      76.363 kB

  Allocated memory,     TOTAL                   1.754 MB
  Allocated memory,     type(matrix)          418.176 kB
  Allocated memory,     real                    4.320 kB
  Allocated memory,     integer                 4.301 kB
  Allocated memory,     logical                 2.640 kB
  Allocated memory,     character               1.600 kB
  Allocated memory,     ARRAY                 732.000 kB
  Allocated memory,     SLSAOTENSOR             7.728 kB
  Allocated memory,     ATOMTYPEITEM          573.960 kB
  Allocated memory,     ATOMITEM                2.592 kB
  Allocated memory,     lstensor                6.759 kB
*=*=*=*=*=*=*=*=*=*=*=*=*=*=*=*=*=*=*=*=*=*=*=*=*=*=*=*

 general fifoqueue%offset           0
** Make average of the last F and D matrices
 after general fifoqueue%offset           0
** Get new density 
 after DOPT_get_density fifoqueue%offset           0
No. of matmuls in get_density:     1
** Get Fock matrix number   7
 The Coulomb energy contribution    611.10048090242776     
 The Exchange energy contribution    0.0000000000000000     
 The Fock energy contribution   -611.10048090242833     
  KS electrons/energy:   42.00004042697433  -62.70799147031079 rel.err: 0.96E-06
 >>>  CPU  Time used II_get_xc_Fock_mat is     1.62 seconds
 >>>  WALL Time used II_get_xc_Fock_mat is     1.63 seconds
  Max allocated memory, XC                    555.712 kB
  7   -669.5783766615   -0.00000097983   -1.00      0.00000    0.00    0.0000000    1.34E-03  ###
*=*=*=*=*=*=*=*=*=*=*=*=*=*=*=*=*=*=*=*=*=*=*=*=*=*=*=*
                  Memory statistics, iteration   7
*=*=*=*=*=*=*=*=*=*=*=*=*=*=*=*=*=*=*=*=*=*=*=*=*=*=*=*
  Max allocated memory, TOTAL                          4.845 MB
  Max allocated memory, type(matrix)                 511.112 kB
  Max allocated memory, real                           2.742 MB
  Max allocated memory, integer                      418.144 kB
  Max allocated memory, logical                      316.712 kB
  Max allocated memory, character                      4.016 kB
  Max allocated memory, AOBATCH                       38.192 kB
  Max allocated memory, ARRAY                        732.000 kB
  Max allocated memory, ODBATCH                       26.400 kB
  Max allocated memory, LSAOTENSOR                    21.888 kB
  Max allocated memory, SLSAOTENSOR                   20.976 kB
  Max allocated memory, ATOMTYPEITEM                 573.960 kB
  Max allocated memory, ATOMITEM                       3.024 kB
  Max allocated memory, LSMATRIX                       7.632 kB
  Max allocated memory, overlapType                  395.232 kB
  Max allocated memory, integrand                     64.512 kB
  Max allocated memory, integralitem                 829.440 kB
  Max allocated memory, IntWork                       25.720 kB
  Max allocated memory, overlap                      388.436 kB
  Max allocated memory, ODitem                        19.200 kB
  Max allocated memory, lstensor                      76.363 kB

  Allocated memory,     TOTAL                   1.801 MB
  Allocated memory,     type(matrix)          464.640 kB
  Allocated memory,     real                    4.320 kB
  Allocated memory,     integer                 4.301 kB
  Allocated memory,     logical                 2.640 kB
  Allocated memory,     character               1.600 kB
  Allocated memory,     ARRAY                 732.000 kB
  Allocated memory,     SLSAOTENSOR             7.728 kB
  Allocated memory,     ATOMTYPEITEM          573.960 kB
  Allocated memory,     ATOMITEM                2.592 kB
  Allocated memory,     lstensor                6.759 kB
*=*=*=*=*=*=*=*=*=*=*=*=*=*=*=*=*=*=*=*=*=*=*=*=*=*=*=*

 general fifoqueue%offset           0
** Make average of the last F and D matrices
 after general fifoqueue%offset           0
** Get new density 
 after DOPT_get_density fifoqueue%offset           0
No. of matmuls in get_density:     1
** Get Fock matrix number   8
 The Coulomb energy contribution    611.10147092793557     
 The Exchange energy contribution    0.0000000000000000     
 The Fock energy contribution   -611.10147092793443     
  KS electrons/energy:   42.00004042665879  -62.70802820497623 rel.err: 0.96E-06
 >>>  CPU  Time used II_get_xc_Fock_mat is     1.62 seconds
 >>>  WALL Time used II_get_xc_Fock_mat is     1.63 seconds
  Max allocated memory, XC                    555.712 kB
  8   -669.5783767159   -0.00000005435   -1.00      0.00000    0.00    0.0000000    2.26E-04  ###
*=*=*=*=*=*=*=*=*=*=*=*=*=*=*=*=*=*=*=*=*=*=*=*=*=*=*=*
                  Memory statistics, iteration   8
*=*=*=*=*=*=*=*=*=*=*=*=*=*=*=*=*=*=*=*=*=*=*=*=*=*=*=*
  Max allocated memory, TOTAL                          4.845 MB
  Max allocated memory, type(matrix)                 557.576 kB
  Max allocated memory, real                           2.742 MB
  Max allocated memory, integer                      418.144 kB
  Max allocated memory, logical                      316.712 kB
  Max allocated memory, character                      4.016 kB
  Max allocated memory, AOBATCH                       38.192 kB
  Max allocated memory, ARRAY                        732.000 kB
  Max allocated memory, ODBATCH                       26.400 kB
  Max allocated memory, LSAOTENSOR                    21.888 kB
  Max allocated memory, SLSAOTENSOR                   20.976 kB
  Max allocated memory, ATOMTYPEITEM                 573.960 kB
  Max allocated memory, ATOMITEM                       3.024 kB
  Max allocated memory, LSMATRIX                       7.632 kB
  Max allocated memory, overlapType                  395.232 kB
  Max allocated memory, integrand                     64.512 kB
  Max allocated memory, integralitem                 829.440 kB
  Max allocated memory, IntWork                       25.720 kB
  Max allocated memory, overlap                      388.436 kB
  Max allocated memory, ODitem                        19.200 kB
  Max allocated memory, lstensor                      76.363 kB

  Allocated memory,     TOTAL                   1.847 MB
  Allocated memory,     type(matrix)          511.104 kB
  Allocated memory,     real                    4.320 kB
  Allocated memory,     integer                 4.301 kB
  Allocated memory,     logical                 2.640 kB
  Allocated memory,     character               1.600 kB
  Allocated memory,     ARRAY                 732.000 kB
  Allocated memory,     SLSAOTENSOR             7.728 kB
  Allocated memory,     ATOMTYPEITEM          573.960 kB
  Allocated memory,     ATOMITEM                2.592 kB
  Allocated memory,     lstensor                6.759 kB
*=*=*=*=*=*=*=*=*=*=*=*=*=*=*=*=*=*=*=*=*=*=*=*=*=*=*=*

 general fifoqueue%offset           0
** Make average of the last F and D matrices
 after general fifoqueue%offset           0
** Get new density 
 after DOPT_get_density fifoqueue%offset           0
No. of matmuls in get_density:     1
** Get Fock matrix number   9
 The Coulomb energy contribution    611.10063886413297     
 The Exchange energy contribution    0.0000000000000000     
 The Fock energy contribution   -611.10063886413411     
  KS electrons/energy:   42.00004042671771  -62.70798431157525 rel.err: 0.96E-06
 >>>  CPU  Time used II_get_xc_Fock_mat is     1.62 seconds
 >>>  WALL Time used II_get_xc_Fock_mat is     1.63 seconds
  Max allocated memory, XC                    555.712 kB
  9   -669.5783767172   -0.00000000135   -1.00      0.00000    0.00    0.0000000    3.66E-05  ###
*=*=*=*=*=*=*=*=*=*=*=*=*=*=*=*=*=*=*=*=*=*=*=*=*=*=*=*
                  Memory statistics, iteration   9
*=*=*=*=*=*=*=*=*=*=*=*=*=*=*=*=*=*=*=*=*=*=*=*=*=*=*=*
  Max allocated memory, TOTAL                          4.845 MB
  Max allocated memory, type(matrix)                 604.040 kB
  Max allocated memory, real                           2.742 MB
  Max allocated memory, integer                      418.144 kB
  Max allocated memory, logical                      316.712 kB
  Max allocated memory, character                      4.016 kB
  Max allocated memory, AOBATCH                       38.192 kB
  Max allocated memory, ARRAY                        732.000 kB
  Max allocated memory, ODBATCH                       26.400 kB
  Max allocated memory, LSAOTENSOR                    21.888 kB
  Max allocated memory, SLSAOTENSOR                   20.976 kB
  Max allocated memory, ATOMTYPEITEM                 573.960 kB
  Max allocated memory, ATOMITEM                       3.024 kB
  Max allocated memory, LSMATRIX                       7.632 kB
  Max allocated memory, overlapType                  395.232 kB
  Max allocated memory, integrand                     64.512 kB
  Max allocated memory, integralitem                 829.440 kB
  Max allocated memory, IntWork                       25.720 kB
  Max allocated memory, overlap                      388.436 kB
  Max allocated memory, ODitem                        19.200 kB
  Max allocated memory, lstensor                      76.363 kB

  Allocated memory,     TOTAL                   1.893 MB
  Allocated memory,     type(matrix)          557.568 kB
  Allocated memory,     real                    4.320 kB
  Allocated memory,     integer                 4.301 kB
  Allocated memory,     logical                 2.640 kB
  Allocated memory,     character               1.600 kB
  Allocated memory,     ARRAY                 732.000 kB
  Allocated memory,     SLSAOTENSOR             7.728 kB
  Allocated memory,     ATOMTYPEITEM          573.960 kB
  Allocated memory,     ATOMITEM                2.592 kB
  Allocated memory,     lstensor                6.759 kB
*=*=*=*=*=*=*=*=*=*=*=*=*=*=*=*=*=*=*=*=*=*=*=*=*=*=*=*

 general fifoqueue%offset           0
** Make average of the last F and D matrices
 after general fifoqueue%offset           0
** Get new density 
 after DOPT_get_density fifoqueue%offset           0
No. of matmuls in get_density:     1
** Get Fock matrix number  10
 The Coulomb energy contribution    611.10074375355862     
 The Exchange energy contribution    0.0000000000000000     
 The Fock energy contribution   -611.10074375355771     
  KS electrons/energy:   42.00004042671242  -62.70798894297240 rel.err: 0.96E-06
 >>>  CPU  Time used II_get_xc_Fock_mat is     1.62 seconds
 >>>  WALL Time used II_get_xc_Fock_mat is     1.63 seconds
  Max allocated memory, XC                    555.712 kB
 10   -669.5783767173   -0.00000000005   -1.00      0.00000    0.00    0.0000000    3.42E-06  ###
*=*=*=*=*=*=*=*=*=*=*=*=*=*=*=*=*=*=*=*=*=*=*=*=*=*=*=*
                  Memory statistics, iteration  10
*=*=*=*=*=*=*=*=*=*=*=*=*=*=*=*=*=*=*=*=*=*=*=*=*=*=*=*
  Max allocated memory, TOTAL                          4.845 MB
  Max allocated memory, type(matrix)                 604.040 kB
  Max allocated memory, real                           2.742 MB
  Max allocated memory, integer                      418.144 kB
  Max allocated memory, logical                      316.712 kB
  Max allocated memory, character                      4.016 kB
  Max allocated memory, AOBATCH                       38.192 kB
  Max allocated memory, ARRAY                        732.000 kB
  Max allocated memory, ODBATCH                       26.400 kB
  Max allocated memory, LSAOTENSOR                    21.888 kB
  Max allocated memory, SLSAOTENSOR                   20.976 kB
  Max allocated memory, ATOMTYPEITEM                 573.960 kB
  Max allocated memory, ATOMITEM                       3.024 kB
  Max allocated memory, LSMATRIX                       7.632 kB
  Max allocated memory, overlapType                  395.232 kB
  Max allocated memory, integrand                     64.512 kB
  Max allocated memory, integralitem                 829.440 kB
  Max allocated memory, IntWork                       25.720 kB
  Max allocated memory, overlap                      388.436 kB
  Max allocated memory, ODitem                        19.200 kB
  Max allocated memory, lstensor                      76.363 kB

  Allocated memory,     TOTAL                   1.893 MB
  Allocated memory,     type(matrix)          557.568 kB
  Allocated memory,     real                    4.320 kB
  Allocated memory,     integer                 4.301 kB
  Allocated memory,     logical                 2.640 kB
  Allocated memory,     character               1.600 kB
  Allocated memory,     ARRAY                 732.000 kB
  Allocated memory,     SLSAOTENSOR             7.728 kB
  Allocated memory,     ATOMTYPEITEM          573.960 kB
  Allocated memory,     ATOMITEM                2.592 kB
  Allocated memory,     lstensor                6.759 kB
*=*=*=*=*=*=*=*=*=*=*=*=*=*=*=*=*=*=*=*=*=*=*=*=*=*=*=*

 general fifoqueue%offset           0
** Make average of the last F and D matrices
 after general fifoqueue%offset           0
** Get new density 
 after DOPT_get_density fifoqueue%offset           0
No. of matmuls in get_density:     1
** Get Fock matrix number  11
 The Coulomb energy contribution    611.10073684803558     
 The Exchange energy contribution    0.0000000000000000     
 The Fock energy contribution   -611.10073684803626     
  KS electrons/energy:   42.00004042671129  -62.70798856584882 rel.err: 0.96E-06
 >>>  CPU  Time used II_get_xc_Fock_mat is     1.62 seconds
 >>>  WALL Time used II_get_xc_Fock_mat is     1.63 seconds
  Max allocated memory, XC                    555.712 kB
 11   -669.5783767173   -0.00000000000   -1.00      0.00000    0.00    0.0000000    4.24E-07  ###
*=*=*=*=*=*=*=*=*=*=*=*=*=*=*=*=*=*=*=*=*=*=*=*=*=*=*=*
                  Memory statistics, iteration  11
*=*=*=*=*=*=*=*=*=*=*=*=*=*=*=*=*=*=*=*=*=*=*=*=*=*=*=*
  Max allocated memory, TOTAL                          4.845 MB
  Max allocated memory, type(matrix)                 604.040 kB
  Max allocated memory, real                           2.742 MB
  Max allocated memory, integer                      418.144 kB
  Max allocated memory, logical                      316.712 kB
  Max allocated memory, character                      4.016 kB
  Max allocated memory, AOBATCH                       38.192 kB
  Max allocated memory, ARRAY                        732.000 kB
  Max allocated memory, ODBATCH                       26.400 kB
  Max allocated memory, LSAOTENSOR                    21.888 kB
  Max allocated memory, SLSAOTENSOR                   20.976 kB
  Max allocated memory, ATOMTYPEITEM                 573.960 kB
  Max allocated memory, ATOMITEM                       3.024 kB
  Max allocated memory, LSMATRIX                       7.632 kB
  Max allocated memory, overlapType                  395.232 kB
  Max allocated memory, integrand                     64.512 kB
  Max allocated memory, integralitem                 829.440 kB
  Max allocated memory, IntWork                       25.720 kB
  Max allocated memory, overlap                      388.436 kB
  Max allocated memory, ODitem                        19.200 kB
  Max allocated memory, lstensor                      76.363 kB

  Allocated memory,     TOTAL                   1.893 MB
  Allocated memory,     type(matrix)          557.568 kB
  Allocated memory,     real                    4.320 kB
  Allocated memory,     integer                 4.301 kB
  Allocated memory,     logical                 2.640 kB
  Allocated memory,     character               1.600 kB
  Allocated memory,     ARRAY                 732.000 kB
  Allocated memory,     SLSAOTENSOR             7.728 kB
  Allocated memory,     ATOMTYPEITEM          573.960 kB
  Allocated memory,     ATOMITEM                2.592 kB
  Allocated memory,     lstensor                6.759 kB
*=*=*=*=*=*=*=*=*=*=*=*=*=*=*=*=*=*=*=*=*=*=*=*=*=*=*=*

 general fifoqueue%offset           0
** Make average of the last F and D matrices
 after general fifoqueue%offset           0
** Get new density 
 after DOPT_get_density fifoqueue%offset           0
No. of matmuls in get_density:     1
** Get Fock matrix number  12
 The Coulomb energy contribution    611.10073503225613     
 The Exchange energy contribution    0.0000000000000000     
 The Fock energy contribution   -611.10073503225476     
  KS electrons/energy:   42.00004042671201  -62.70798843704038 rel.err: 0.96E-06
 >>>  CPU  Time used II_get_xc_Fock_mat is     1.62 seconds
 >>>  WALL Time used II_get_xc_Fock_mat is     1.63 seconds
  Max allocated memory, XC                    555.712 kB
 12   -669.5783767173    0.00000000000   -1.00      0.00000    0.00    0.0000000    1.76E-07  ###
*=*=*=*=*=*=*=*=*=*=*=*=*=*=*=*=*=*=*=*=*=*=*=*=*=*=*=*
                  Memory statistics, iteration  12
*=*=*=*=*=*=*=*=*=*=*=*=*=*=*=*=*=*=*=*=*=*=*=*=*=*=*=*
  Max allocated memory, TOTAL                          4.845 MB
  Max allocated memory, type(matrix)                 604.040 kB
  Max allocated memory, real                           2.742 MB
  Max allocated memory, integer                      418.144 kB
  Max allocated memory, logical                      316.712 kB
  Max allocated memory, character                      4.016 kB
  Max allocated memory, AOBATCH                       38.192 kB
  Max allocated memory, ARRAY                        732.000 kB
  Max allocated memory, ODBATCH                       26.400 kB
  Max allocated memory, LSAOTENSOR                    21.888 kB
  Max allocated memory, SLSAOTENSOR                   20.976 kB
  Max allocated memory, ATOMTYPEITEM                 573.960 kB
  Max allocated memory, ATOMITEM                       3.024 kB
  Max allocated memory, LSMATRIX                       7.632 kB
  Max allocated memory, overlapType                  395.232 kB
  Max allocated memory, integrand                     64.512 kB
  Max allocated memory, integralitem                 829.440 kB
  Max allocated memory, IntWork                       25.720 kB
  Max allocated memory, overlap                      388.436 kB
  Max allocated memory, ODitem                        19.200 kB
  Max allocated memory, lstensor                      76.363 kB

  Allocated memory,     TOTAL                   1.893 MB
  Allocated memory,     type(matrix)          557.568 kB
  Allocated memory,     real                    4.320 kB
  Allocated memory,     integer                 4.301 kB
  Allocated memory,     logical                 2.640 kB
  Allocated memory,     character               1.600 kB
  Allocated memory,     ARRAY                 732.000 kB
  Allocated memory,     SLSAOTENSOR             7.728 kB
  Allocated memory,     ATOMTYPEITEM          573.960 kB
  Allocated memory,     ATOMITEM                2.592 kB
  Allocated memory,     lstensor                6.759 kB
*=*=*=*=*=*=*=*=*=*=*=*=*=*=*=*=*=*=*=*=*=*=*=*=*=*=*=*

 general fifoqueue%offset           0
** Make average of the last F and D matrices
 after general fifoqueue%offset           0
** Get new density 
 after DOPT_get_density fifoqueue%offset           0
No. of matmuls in get_density:     1
** Get Fock matrix number  13
 The Coulomb energy contribution    611.10073548740684     
 The Exchange energy contribution    0.0000000000000000     
 The Fock energy contribution   -611.10073548740775     
  KS electrons/energy:   42.00004042671115  -62.70798847092696 rel.err: 0.96E-06
 >>>  CPU  Time used II_get_xc_Fock_mat is     1.63 seconds
 >>>  WALL Time used II_get_xc_Fock_mat is     1.63 seconds
  Max allocated memory, XC                    555.712 kB
 13   -669.5783767173    0.00000000000   -1.00      0.00000    0.00    0.0000000    7.80E-09  ###
*=*=*=*=*=*=*=*=*=*=*=*=*=*=*=*=*=*=*=*=*=*=*=*=*=*=*=*
                  Memory statistics, iteration  13
*=*=*=*=*=*=*=*=*=*=*=*=*=*=*=*=*=*=*=*=*=*=*=*=*=*=*=*
  Max allocated memory, TOTAL                          4.845 MB
  Max allocated memory, type(matrix)                 604.040 kB
  Max allocated memory, real                           2.742 MB
  Max allocated memory, integer                      418.144 kB
  Max allocated memory, logical                      316.712 kB
  Max allocated memory, character                      4.016 kB
  Max allocated memory, AOBATCH                       38.192 kB
  Max allocated memory, ARRAY                        732.000 kB
  Max allocated memory, ODBATCH                       26.400 kB
  Max allocated memory, LSAOTENSOR                    21.888 kB
  Max allocated memory, SLSAOTENSOR                   20.976 kB
  Max allocated memory, ATOMTYPEITEM                 573.960 kB
  Max allocated memory, ATOMITEM                       3.024 kB
  Max allocated memory, LSMATRIX                       7.632 kB
  Max allocated memory, overlapType                  395.232 kB
  Max allocated memory, integrand                     64.512 kB
  Max allocated memory, integralitem                 829.440 kB
  Max allocated memory, IntWork                       25.720 kB
  Max allocated memory, overlap                      388.436 kB
  Max allocated memory, ODitem                        19.200 kB
  Max allocated memory, lstensor                      76.363 kB

  Allocated memory,     TOTAL                   1.893 MB
  Allocated memory,     type(matrix)          557.568 kB
  Allocated memory,     real                    4.320 kB
  Allocated memory,     integer                 4.301 kB
  Allocated memory,     logical                 2.640 kB
  Allocated memory,     character               1.600 kB
  Allocated memory,     ARRAY                 732.000 kB
  Allocated memory,     SLSAOTENSOR             7.728 kB
  Allocated memory,     ATOMTYPEITEM          573.960 kB
  Allocated memory,     ATOMITEM                2.592 kB
  Allocated memory,     lstensor                6.759 kB
*=*=*=*=*=*=*=*=*=*=*=*=*=*=*=*=*=*=*=*=*=*=*=*=*=*=*=*


Total no. of matmuls in SCF optimization:        193

********************************************************
 it       dE(HF)       DSMexit   RHshift    RHinfo 
********************************************************
  1    0.00000000000    0.0000    0.0000    0.0000000
  2    0.65424420005    0.0000    0.0000    0.0000000
  3   -1.17780084986   -1.0000    0.0000    0.0000000
  4   -0.01230081947   -1.0000    0.0000    0.0000000
  5   -0.00074696432   -1.0000    0.0000    0.0000000
  6   -0.00002739077   -1.0000    0.0000    0.0000000
  7   -0.00000097983   -1.0000    0.0000    0.0000000
  8   -0.00000005435   -1.0000    0.0000    0.0000000
  9   -0.00000000135   -1.0000    0.0000    0.0000000
 10   -0.00000000005   -1.0000    0.0000    0.0000000
 11   -0.00000000000   -1.0000    0.0000    0.0000000
 12    0.00000000000   -1.0000    0.0000    0.0000000
 13    0.00000000000   -1.0000    0.0000    0.0000000

======================================================================
                   LINSCF ITERATIONS:
  It.nr.               Energy                 AO Gradient norm
======================================================================
  Atoms          -2.00000000000000133227      0.000000000000000D+00
    1          -669.04174385733711005741      0.614291118142314D+01
    2          -668.38749965728902679984      0.846160352906601D+01
    3          -669.56530050715002744255      0.626342691999458D+00
    4          -669.57760132661542229471      0.148781812614309D+00
    5          -669.57834829094008455286      0.361331018689144D-01
    6          -669.57837568171203201928      0.772311977452969D-02
    7          -669.57837666154227918014      0.134258513933124D-02
    8          -669.57837671589390993176      0.226410640050032D-03
    9          -669.57837671724223582714      0.366015435892190D-04
   10          -669.57837671729009798582      0.342238167689051D-05
   11          -669.57837671729089379369      0.423728854480671D-06
   12          -669.57837671728952955164      0.175901724994645D-06
   13          -669.57837671728896111745      0.779796998789703D-08

      SCF converged !!!! 
         >>> Final results from LSDALTON <<<


      Final DFT energy:                 -669.578376717289
      Nuclear repulsion:                 316.807555888350
      Electronic energy:                -986.385932605639




                       Permanent dipole moment
                       -----------------------
               au              Debye           10**-30 C m
            1.29671           3.29592           10.9940    


                       Dipole moment components
                       ------------------------
               au              Debye           10**-30 C m
 x          1.23714           3.14449           10.4889    
 y         0.556662E-01      0.141490          0.471958    
 z         0.384524          0.977364           3.26013    



 ==========================================================
       NUCLEAR MAGNETIC SHIELDING(NMS) TENSOR RESULTS   
 ==========================================================
 >>>  CPU  Time used II_get_xc_magderiv_kohnsham_mat is     6.05 seconds
 >>>  WALL Time used II_get_xc_magderiv_kohnsham_mat is     6.08 seconds
  Max allocated memory, XC                      2.045 MB
KS electrons:   42.00004042671115 rel.err: 0.96E-06
 >>>  CPU  Time used II_get_xc_linrsp is     2.20 seconds
 >>>  WALL Time used II_get_xc_linrsp is     2.20 seconds
  Max allocated memory, XC                    591.224 kB



 <<<  SOLVING SETS OF LINEAR EQUATIONS FOR LINEAR RESPONSE PROPERTIES >>>


 MO preconditioning
  ** RSP_SOLVER MICROITERATION NUMBER           1
 The Coulomb energy contribution   3.73431041288896761E-003
 The Exchange energy contribution    0.0000000000000000     
 The Fock energy contribution  -3.73431041288897498E-003
KS electrons:   42.00004042671115 rel.err: 0.96E-06
 >>>  CPU  Time used II_get_xc_linrsp is     2.20 seconds
 >>>  WALL Time used II_get_xc_linrsp is     2.20 seconds
  Max allocated memory, XC                    591.224 kB
 omega in build_reduc..    0.0000000000000000     
 Response convergence threshold is  9.99999999999999955E-007
Residual norm for vector   1 is:   0.431927E-11    and frequency =     0.000000   It =   1 CONV = T

 *** THE REQUESTED              1 SOLUTION VECTORS CONVERGED
KS electrons:   42.00004042671115 rel.err: 0.96E-06
 >>>  CPU  Time used II_get_xc_linrsp is     2.20 seconds
 >>>  WALL Time used II_get_xc_linrsp is     2.21 seconds
  Max allocated memory, XC                    591.224 kB
KS electrons:   42.00004042671115 rel.err: 0.96E-06
 >>>  CPU  Time used II_get_xc_linrsp is     2.20 seconds
 >>>  WALL Time used II_get_xc_linrsp is     2.20 seconds
  Max allocated memory, XC                    591.224 kB



 <<<  SOLVING SETS OF LINEAR EQUATIONS FOR LINEAR RESPONSE PROPERTIES >>>


 MO preconditioning
  ** RSP_SOLVER MICROITERATION NUMBER           1
 The Coulomb energy contribution   3.84110623312279922E-003
 The Exchange energy contribution    0.0000000000000000     
 The Fock energy contribution  -3.84110623312280183E-003
KS electrons:   42.00004042671115 rel.err: 0.96E-06
 >>>  CPU  Time used II_get_xc_linrsp is     2.19 seconds
 >>>  WALL Time used II_get_xc_linrsp is     2.20 seconds
  Max allocated memory, XC                    591.224 kB
 omega in build_reduc..    0.0000000000000000     
 Response convergence threshold is  9.99999999999999955E-007
Residual norm for vector   1 is:   0.495056E-11    and frequency =     0.000000   It =   1 CONV = T

 *** THE REQUESTED              1 SOLUTION VECTORS CONVERGED
KS electrons:   42.00004042671115 rel.err: 0.96E-06
 >>>  CPU  Time used II_get_xc_linrsp is     2.20 seconds
 >>>  WALL Time used II_get_xc_linrsp is     2.21 seconds
  Max allocated memory, XC                    591.224 kB
KS electrons:   42.00004042671115 rel.err: 0.96E-06
 >>>  CPU  Time used II_get_xc_linrsp is     2.20 seconds
 >>>  WALL Time used II_get_xc_linrsp is     2.21 seconds
  Max allocated memory, XC                    591.224 kB



 <<<  SOLVING SETS OF LINEAR EQUATIONS FOR LINEAR RESPONSE PROPERTIES >>>


 MO preconditioning
  ** RSP_SOLVER MICROITERATION NUMBER           1
 The Coulomb energy contribution   5.84607050357808557E-003
 The Exchange energy contribution    0.0000000000000000     
 The Fock energy contribution  -5.84607050357807342E-003
KS electrons:   42.00004042671115 rel.err: 0.96E-06
 >>>  CPU  Time used II_get_xc_linrsp is     2.19 seconds
 >>>  WALL Time used II_get_xc_linrsp is     2.20 seconds
  Max allocated memory, XC                    591.224 kB
 omega in build_reduc..    0.0000000000000000     
 Response convergence threshold is  9.99999999999999955E-007
Residual norm for vector   1 is:   0.172511E-11    and frequency =     0.000000   It =   1 CONV = T

 *** THE REQUESTED              1 SOLUTION VECTORS CONVERGED
KS electrons:   42.00004042671115 rel.err: 0.96E-06
 >>>  CPU  Time used II_get_xc_linrsp is     2.20 seconds
 >>>  WALL Time used II_get_xc_linrsp is     2.20 seconds
  Max allocated memory, XC                    591.224 kB
  Total shielding tensor
                    Bx             By             Bz

     H   X    55.45308808     3.02344212     5.30159493
     H   Y     2.13115346    46.10121582     0.63168552
     H   Z     7.78211786    -3.95841096    78.94878569
                    Bx             By             Bz

     H   X    93.52380080    -9.02704582    -0.81427985
     H   Y    -7.06250251    54.71850982     2.88148197
     H   Z     6.59181843     5.38258448    58.15320177
                    Bx             By             Bz

     C   X   244.73052842    -8.42245454    10.58900757
     C   Y     1.51763608   237.77138083   -13.37588868
     C   Z    -8.98297020   -27.18382456   288.42326362
                    Bx             By             Bz

     O   X   339.03190893    38.67769567   -27.72508597
     O   Y   -43.96751795   308.46746287   -13.56115124
     O   Z    -1.16219084     6.74606669   302.80958176
                    Bx             By             Bz

     F   X   351.55894716   -47.62652233     4.33484112
     F   Y   -27.59478706   306.92185354    30.79208584
     F   Z    35.62806989    28.83042260   296.53239222
                    Bx             By             Bz

     Cl  X  1133.21768456   -16.07643396   165.43513373
     Cl  Y   -23.87883227   512.35121762    30.10381812
     Cl  Z   258.96421090    -8.49614042   327.34442044
       Absolute chemical shift
 number of atoms
           6                           
      H       60.16769653
      H       68.79850413
      C      256.97505763
      O      316.76965118
      F      318.33773098
      Cl     657.63777421
 *****************************************************
 **     CPU-TIME USED IN LSDALTON RESPONSE:    32.771901999999997         **
 *****************************************************

Total no. of matmuls used:                       403
Total no. of Fock/KS matrix evaluations:          14
Max no. of matrices allocated in Level 3:         39
*=*=*=*=*=*=*=*=*=*=*=*=*=*=*=*=*=*=*=*=*=*=*=*=*=*=*=*
                  Memory statistics          
*=*=*=*=*=*=*=*=*=*=*=*=*=*=*=*=*=*=*=*=*=*=*=*=*=*=*=*
  Allocated memory (TOTAL):                   0 byte  - Should be zero - otherwise a leakage is present
  Allocated memory (type(matrix)):            0 byte  - Should be zero - otherwise a leakage is present
  Allocated memory (real):                    0 byte  - Should be zero - otherwise a leakage is present
  Allocated memory (MPI):                     0 byte  - Should be zero - otherwise a leakage is present
  Allocated memory (complex):                 0 byte  - Should be zero - otherwise a leakage is present
  Allocated memory (integer):                 0 byte  - Should be zero - otherwise a leakage is present
  Allocated memory (logical):                 0 byte  - Should be zero - otherwise a leakage is present
  Allocated memory (character):               0 byte  - Should be zero - otherwise a leakage is present
  Allocated memory (AOBATCH):                 0 byte  - Should be zero - otherwise a leakage is present
  Allocated memory (ODBATCH):                 0 byte  - Should be zero - otherwise a leakage is present
  Allocated memory (LSAOTENSOR):              0 byte  - Should be zero - otherwise a leakage is present
  Allocated memory (SLSAOTENSOR):             0 byte  - Should be zero - otherwise a leakage is present
  Allocated memory (GLOBALLSAOTENSOR):        0 byte  - Should be zero - otherwise a leakage is present
  Allocated memory (ATOMTYPEITEM):            0 byte  - Should be zero - otherwise a leakage is present
  Allocated memory (ATOMITEM):                0 byte  - Should be zero - otherwise a leakage is present
  Allocated memory (LSMATRIX):                0 byte  - Should be zero - otherwise a leakage is present
  Allocated memory (CCORBITAL):               0 byte  - Should be zero - otherwise a leakage is present
  Allocated memory (CCATOM):                  0 byte  - Should be zero - otherwise a leakage is present
  Allocated memory (overlapType):             0 byte  - Should be zero - otherwise a leakage is present
  Allocated memory (BATCHTOORB):              0 byte  - Should be zero - otherwise a leakage is present
  Allocated memory (MYPOINTER):               0 byte  - Should be zero - otherwise a leakage is present
  Allocated memory (ARRAY2):                  0 byte  - Should be zero - otherwise a leakage is present
  Allocated memory (ARRAY4):                  0 byte  - Should be zero - otherwise a leakage is present
  Allocated memory (ARRAY):                   0 byte  - Should be zero - otherwise a leakage is present
  Allocated memory (MP2DENS):                 0 byte  - Should be zero - otherwise a leakage is present
  Allocated memory (TRACEBACK):               0 byte  - Should be zero - otherwise a leakage is present
  Allocated memory (MP2GRAD):                 0 byte  - Should be zero - otherwise a leakage is present
*=*=*=*=*=*=*=*=*=*=*=*=*=*=*=*=*=*=*=*=*=*=*=*=*=*=*=*
                  Additional Memory information          
*=*=*=*=*=*=*=*=*=*=*=*=*=*=*=*=*=*=*=*=*=*=*=*=*=*=*=*
  Allocated memory (linkshell):               0 byte  - Should be zero - otherwise a leakage is present
  Allocated memory (integrand):               0 byte  - Should be zero - otherwise a leakage is present
  Allocated memory (integralitem):            0 byte  - Should be zero - otherwise a leakage is present
  Allocated memory (intwork):                 0 byte  - Should be zero - otherwise a leakage is present
  Allocated memory (overlap):                 0 byte  - Should be zero - otherwise a leakage is present
  Allocated memory (ODitem):                  0 byte  - Should be zero - otherwise a leakage is present
  Allocated memory (lstensor):                0 byte  - Should be zero - otherwise a leakage is present
  Allocated memory (FMM   ):                  0 byte  - Should be zero - otherwise a leakage is present
  Max allocated memory, TOTAL                          4.845 MB
  Max allocated memory, type(matrix)                 604.040 kB
  Max allocated memory, real(realk)                    2.742 MB
  Max allocated memory, MPI                            0.000 Byte
  Max allocated memory, complex(complexk)              0.000 Byte
  Max allocated memory, integer                      418.144 kB
  Max allocated memory, logical                      316.712 kB
  Max allocated memory, character                      6.160 kB
  Max allocated memory, AOBATCH                       38.192 kB
  Max allocated memory, CCORBITAL                      0.000 Byte
  Max allocated memory, CCATOM                         0.000 Byte
  Max allocated memory, BATCHTOORB                     0.000 Byte
  Max allocated memory, MYPOINTER                      0.000 Byte
  Max allocated memory, ARRAY2                         0.000 Byte
  Max allocated memory, ARRAY4                         0.000 Byte
  Max allocated memory, ARRAY                        732.000 kB
  Max allocated memory, MP2DENS                        0.000 Byte
  Max allocated memory, TRACEBACK                      0.000 Byte
  Max allocated memory, MP2GRAD                        0.000 Byte
  Max allocated memory, ODBATCH                       26.400 kB
  Max allocated memory, LSAOTENSOR                    21.888 kB
  Max allocated memory, SLSAOTENSOR                   20.976 kB
  Max allocated memory, GLOBALLSAOTENSOR               0.000 Byte
  Max allocated memory, ATOMTYPEITEM                 573.960 kB
  Max allocated memory, ATOMITEM                       3.024 kB
  Max allocated memory, LSMATRIX                       7.632 kB
  Max allocated memory, OverlapT                     399.648 kB
  Max allocated memory, linkshell                      0.000 Byte
  Max allocated memory, integrand                     64.512 kB
  Max allocated memory, integralitem                 829.440 kB
  Max allocated memory, IntWork                      129.928 kB
  Max allocated memory, Overlap                      388.436 kB
  Max allocated memory, ODitem                        19.200 kB
  Max allocated memory, LStensor                     107.339 kB
  Max allocated memory, FMM                            0.000 Byte
*=*=*=*=*=*=*=*=*=*=*=*=*=*=*=*=*=*=*=*=*=*=*=*=*=*=*=*


End simulation
     Date and time (Linux)  : Fri May 10 16:53:57 2013
     Host name              : kasper-kristensens-macbook-pro.local    
