  
     ******************************************************************    
     **********  LSDALTON - An electronic structure program  **********    
     ******************************************************************    
  
      This is output from LINSCA DALTON (Release 1.0 )
            Authors:                                  
      Trygve Helgaker,       University of Oslo,           Norway 
      Poul Joergensen,       Aarhus University,            Denmark
      Jeppe Olsen,           Aarhus University,            Denmark
      Sonia Coriani,         University of Trieste,        Italy  
      Stinne Hoest,          Aarhus University,            Denmark
      Branislav Jansik,      Aarhus University,            Denmark
      Joanna Kauczor,        Aarhus University,            Denmark
      Thomas Kjaergaard,     Aarhus University,            Denmark
      Kasper Kristensen,     Aarhus University,            Denmark
      Simen Reine,           University of Oslo,           Norway 
      Pawel Salek,           KTH Stockholm,                Sweden 
      Andreas Thorvaldsen,   University of Tromsoe,        Norway 
      Lea Thoegersen,        Aarhus University,            Denmark
     NOTE:
      
     This is an experimental code for the evaluation of molecular
     properties using SCF wave functions. The authors
     accept no responsibility for the performance of the code or
     for the correctness of the results.
      
     The code (in whole or part) is provided under a licence and
     is not to be reproduced for further distribution without
     the written permission of the authors or their representatives.
      
     See the home page "http://www.kjemi.uio.no/software/dalton"
     for further information.
      
     If results obtained with this code are published,
     an appropriate citation would be:
      
     "LSDalton, a molecular electronic structure program, Release 2010,
      written by <INSERT AUTHOR LIST>"


 
     Date and time (Linux)  : Thu Sep 30 10:34:24 2010 
     Host name              : kasperk.chem.au.dk                      
                      
 -----------------------------------------
          PRINTING THE MOLECULE.INP FILE 
 -----------------------------------------
                      
  BASIS                                   
  6-31G                                   
  Hydrogen Peroxide                       
                                          
  AtomTypes=2 Generators=0                                    
  Charge=8.0 Atoms=2                                          
  O    -0.00000000  1.40784586 -0.09885600                    
  O     0.00000000 -1.40784586 -0.09885600                    
  Charge=1.0 Atoms=2                                          
  H     0.69081489  1.72614891  1.56891868                    
  H    -0.69081489 -1.72614891  1.56891868                    
                      
 -----------------------------------------
          PRINTING THE DALTON.INP FILE 
 -----------------------------------------
                      
  **DALTON INPUT                          
  .RUN LINSCA                             
  **WAVE FUNCTIONS                        
  .HF                                     
  *LINSCA                                 
  .RH                                     
  .DIIS                                   
  .NVEC                                   
  8                                       
  .CONVTHR                                
  1.0D-6                                  
  *END OF INPUT                           
  
  MOLPRINT IS SET TO       0
  Integral threshold is set to the default 1.00D-15


                    Cartesian Coordinates Linsca (au)
                    ---------------------------------

   Total number of coordinates: 12

   1   O        x      0.0000000000
   2            y      1.4078458600
   3            z     -0.0988560000

   4   O        x      0.0000000000
   5            y     -1.4078458600
   6            z     -0.0988560000

   7   H        x      0.6908148900
   8            y      1.7261489100
   9            z      1.5689186800

  10   H        x     -0.6908148900
  11            y     -1.7261489100
  12            z      1.5689186800
   
  CALLING BUILD BASIS WITH DEFAULT REGULAR BASIS
   

 Default basis set library used:
        /Users/kasperkristensen/bin/Dalton-august2010/basis/                  
 OPENING FILE/Users/kasperkristensen/bin/Dalton-august2010/basis/6-31G
 NO SEGMENTATION IS USED
 NO SEGMENTATION IS USED
 NO SEGMENTATION IS USED
   
BASISSETLIBRARY
 Number of Basisset           1
 BASISSET:  6-31G                                             
  CHARGES:   8   1
                      
                      
THE MOLECULE
 --------------------------------------------------------------------
    Molecular Charge                 :    0.0000
    Regular basisfunctions             :       22
    Auxiliary basisfunctions           :        0
    Huckel basisfunctions              :        0
    Primitive Regular basisfunctions   :       52
    Primitive Auxiliary basisfunctions :        0
    Primitive Huckel basisfunctions    :        0
 --------------------------------------------------------------------
                      
                      
 --------------------------------------------------------------------
  atom  charge  Atomicbasis    GHOST   nPrimREG  nContREG
 --------------------------------------------------------------------
     1   8.000  6-31G           F             22           9
     2   8.000  6-31G           F             22           9
     3   1.000  6-31G           F              4           2
     4   1.000  6-31G           F              4           2
                      
  ATOM  NAME  ISOTOPE        X             Y             Z     
    1    O          1    0.00000000    1.40784586   -0.09885600
    2    O          1    0.00000000   -1.40784586   -0.09885600
    3    H          1    0.69081489    1.72614891    1.56891868
    4    H          1   -0.69081489   -1.72614891    1.56891868
                      
                      
Atoms and basis sets
  Total number of atoms        :      4
  THE  REGULAR   is on R =   0
---------------------------------------------------------------------
 atom label charge  basisset            prim cont basis
---------------------------------------------------------------------
      1 O      8.000 6-31G                     22        9 [10s4p|3s2p]             
      2 O      8.000 6-31G                     22        9 [10s4p|3s2p]             
      3 H      1.000 6-31G                      4        2 [4s|2s]                  
      4 H      1.000 6-31G                      4        2 [4s|2s]                  
---------------------------------------------------------------------
total         18                              52      22
---------------------------------------------------------------------
                      
 Configuration - as obtained from new input structure:
     DFT LSint thresholds:                     0.10D-08    0.20D-09    0.20D-11
     DFT LSint threshold for number of electrons:                      0.10D-02
     DFT LSint radial quadrature accuracy/ang.  expansion order:  0.1000D-10  31

LINSCF configuration :
Density subspace min. method    : DIIS                    
Density optimization : Diagonalization                    


 Maximum size of Fock/density queue in averaging:           8
Convergence threshold for gradient:   0.10E-05
 End of configuration from new input structure!

 >>>  CPU Time used in *INPUT          is   0.00 seconds
 Level 1 atomic calculation on 6-31G Charge   8
 >>>  CPU Time used in OVERLAP         is   0.00 seconds
 >>>  CPU Time used in CS_GCATOM       is   0.01 seconds
 >>>  CPU Time used in CS_GCATOM       is   0.00 seconds
 >>>  CPU Time used in CS_GCATOM       is   0.01 seconds
 >>>  CPU Time used in CS_GCATOM       is   0.00 seconds
 >>>  CPU Time used in reg-Fbuild      is   0.02 seconds
 >>>  CPU Time used in reg-F           is   0.02 seconds
*********************************************************************************************###
 it        E(HF)            dE(HF)      DSMexit  DSM_alpha RHshift   RHinfo     gradient     ###
*********************************************************************************************###
  1    -71.4946859143    0.00000000000    0.00      0.00000    0.00    0.0000000    0.45E+01  ###
 >>>  CPU Time used in reg-Fbuild      is   0.02 seconds
 >>>  CPU Time used in reg-F           is   0.02 seconds
  2    -73.8341599123   -2.33947399805    0.00      0.00000    0.00    0.0000000    0.27E+01  ###
 >>>  CPU Time used in reg-Fbuild      is   0.02 seconds
 >>>  CPU Time used in reg-F           is   0.02 seconds
  3    -74.2580432558   -0.42388334348   -1.00      0.00000    0.00    0.0000000    0.16E+00  ###
 >>>  CPU Time used in reg-Fbuild      is   0.02 seconds
 >>>  CPU Time used in reg-F           is   0.02 seconds
  4    -74.2598387062   -0.00179545041   -1.00      0.00000    0.00    0.0000000    0.32E-01  ###
 >>>  CPU Time used in reg-Fbuild      is   0.02 seconds
 >>>  CPU Time used in reg-F           is   0.02 seconds
  5    -74.2598920070   -0.00005330082   -1.00      0.00000    0.00    0.0000000    0.26E-02  ###
 >>>  CPU Time used in reg-Fbuild      is   0.02 seconds
 >>>  CPU Time used in reg-F           is   0.02 seconds
  6    -74.2598924085   -0.00000040150   -1.00      0.00000    0.00    0.0000000    0.15E-05  ###
 Level 1 atomic calculation on 6-31G Charge   1
 >>>  CPU Time used in OVERLAP         is   0.00 seconds
 >>>  CPU Time used in CS_GCATOM       is   0.00 seconds
 >>>  CPU Time used in CS_GCATOM       is   0.00 seconds
 >>>  CPU Time used in CS_GCATOM       is   0.00 seconds
 >>>  CPU Time used in CS_GCATOM       is   0.00 seconds
 >>>  CPU Time used in reg-Fbuild      is   0.01 seconds
 >>>  CPU Time used in reg-F           is   0.01 seconds
*********************************************************************************************###
 it        E(HF)            dE(HF)      DSMexit  DSM_alpha RHshift   RHinfo     gradient     ###
*********************************************************************************************###
  1     -0.3410549973    0.00000000000    0.00      0.00000    0.00    0.0000000    0.20E+00  ###
 >>>  CPU Time used in reg-Fbuild      is   0.01 seconds
 >>>  CPU Time used in reg-F           is   0.01 seconds
  2     -0.3488197504   -0.00776475307    0.00      0.00000    0.00    0.0000000    0.13E-01  ###
 >>>  CPU Time used in reg-Fbuild      is   0.01 seconds
 >>>  CPU Time used in reg-F           is   0.01 seconds
  3     -0.3488518065   -0.00003205613   -1.00      0.00000    0.00    0.0000000    0.39E-04  ###
 >>>  CPU Time used in *ATOM           is   0.19 seconds
 >>>  CPU Time used in OVERLAP         is   0.00 seconds
 >>>  CPU Time used in *S              is   0.00 seconds
 >>>  CPU Time used in CS_INPUT-Molecu is   0.02 seconds
 >>>  CPU Time used in CS_INPUT-Molecu is   0.00 seconds
 >>>  CPU Time used in CS_INPUT-Molecu is   0.05 seconds
 >>>  CPU Time used in CS_INPUT-Molecu is   0.00 seconds
 >>>  CPU Time used in *H1             is   0.10 seconds
 First density: Atoms in molecule guess
 Using purely new Integrals
 >>>  CPU Time used in reg-Fbuild      is   0.20 seconds
 >>>  CPU Time used in reg-F           is   0.20 seconds
  Iteration 0 energy:  -150.748494614108     
 >>>  CPU Time used in *START          is   0.20 seconds
Matrix S     has nnz=       240 sparsity:     49.587 %
Matrix AO D  has nnz=       484 sparsity:    100.000 %
Matrix AO F  has nnz=         8 sparsity:      1.653 %
 micthrs =  1.000000000000000E-002
 >>>  CPU Time used in INIT SCF        is   0.00 seconds
** Get Fock matrix number   1
 Using purely new Integrals
 >>>  CPU Time used in reg-Fbuild      is   0.20 seconds
 >>>  CPU Time used in reg-F           is   0.20 seconds
 >>>  CPU Time used in FCK_FO          is   0.20 seconds
 >>>  CPU Time used in G_GRAD          is   0.00 seconds
*********************************************************************************************###
 it        E(HF)            dE(HF)      DSMexit  DSM_alpha RHshift   RHinfo     gradient     ###
*********************************************************************************************###
  1   -150.6589838843    0.00000000000    0.00      0.00000    0.00    0.0000000    0.11E+01  ###
*=*=*=*=*=*=*=*=*=*=*=*=*=*=*=*=*=*=*=*=*=*=*=*=*=*=*=*
                  Memory statistics, iteration   1
*=*=*=*=*=*=*=*=*=*=*=*=*=*=*=*=*=*=*=*=*=*=*=*=*=*=*=*
  Max allocated memory, TOTAL                 164.099 MB
  Max allocated memory, type(matrix)           41.594 kB
  Max allocated memory, real                  164.043 MB
  Max allocated memory, integer                77.383 kB
  Max allocated memory, integrand              21.362 MB
  Max allocated memory, integralitem          141.814 MB
  Max allocated memory, overlap               781.656 kB
  Max allocated memory, ODitem                 37.813 kB

  Allocated memory,     TOTAL                  30.250 kB
  Allocated memory,     type(matrix)           30.250 kB
*=*=*=*=*=*=*=*=*=*=*=*=*=*=*=*=*=*=*=*=*=*=*=*=*=*=*=*

** Make average of the last F and D matrices
 >>>  CPU Time used in AVERAG          is   0.00 seconds
** Get new density 
No. of matmuls in get_density:     0
 >>>  CPU Time used in G_DENS          is   0.00 seconds
 >>>  CPU Time used in SCF iteration   is   0.20 seconds
** Get Fock matrix number   2
 Using purely new Integrals
 >>>  CPU Time used in reg-Fbuild      is   0.20 seconds
 >>>  CPU Time used in reg-F           is   0.20 seconds
 >>>  CPU Time used in FCK_FO          is   0.20 seconds
 >>>  CPU Time used in G_GRAD          is   0.00 seconds
  2   -150.6906340432   -0.03165015888    0.00      0.00000    0.00    0.0000000    0.39E+00  ###
*=*=*=*=*=*=*=*=*=*=*=*=*=*=*=*=*=*=*=*=*=*=*=*=*=*=*=*
                  Memory statistics, iteration   2
*=*=*=*=*=*=*=*=*=*=*=*=*=*=*=*=*=*=*=*=*=*=*=*=*=*=*=*
  Max allocated memory, TOTAL                 164.099 MB
  Max allocated memory, type(matrix)           52.938 kB
  Max allocated memory, real                  164.043 MB
  Max allocated memory, integer                77.383 kB
  Max allocated memory, integrand              21.362 MB
  Max allocated memory, integralitem          141.814 MB
  Max allocated memory, overlap               781.656 kB
  Max allocated memory, ODitem                 37.813 kB

  Allocated memory,     TOTAL                  41.594 kB
  Allocated memory,     type(matrix)           41.594 kB
*=*=*=*=*=*=*=*=*=*=*=*=*=*=*=*=*=*=*=*=*=*=*=*=*=*=*=*

** Make average of the last F and D matrices
 >>>  CPU Time used in AVERAG          is   0.00 seconds
** Get new density 
No. of matmuls in get_density:     0
 >>>  CPU Time used in G_DENS          is   0.00 seconds
 >>>  CPU Time used in SCF iteration   is   0.20 seconds
** Get Fock matrix number   3
 Using purely new Integrals
 >>>  CPU Time used in reg-Fbuild      is   0.20 seconds
 >>>  CPU Time used in reg-F           is   0.20 seconds
 >>>  CPU Time used in FCK_FO          is   0.20 seconds
 >>>  CPU Time used in G_GRAD          is   0.00 seconds
  3   -150.6935796450   -0.00294560184   -1.00      0.00000    0.00    0.0000000    0.94E-01  ###
*=*=*=*=*=*=*=*=*=*=*=*=*=*=*=*=*=*=*=*=*=*=*=*=*=*=*=*
                  Memory statistics, iteration   3
*=*=*=*=*=*=*=*=*=*=*=*=*=*=*=*=*=*=*=*=*=*=*=*=*=*=*=*
  Max allocated memory, TOTAL                 164.099 MB
  Max allocated memory, type(matrix)           64.281 kB
  Max allocated memory, real                  164.043 MB
  Max allocated memory, integer                77.383 kB
  Max allocated memory, integrand              21.362 MB
  Max allocated memory, integralitem          141.814 MB
  Max allocated memory, overlap               781.656 kB
  Max allocated memory, ODitem                 37.813 kB

  Allocated memory,     TOTAL                  52.938 kB
  Allocated memory,     type(matrix)           52.938 kB
*=*=*=*=*=*=*=*=*=*=*=*=*=*=*=*=*=*=*=*=*=*=*=*=*=*=*=*

** Make average of the last F and D matrices
 >>>  CPU Time used in AVERAG          is   0.00 seconds
** Get new density 
No. of matmuls in get_density:     0
 >>>  CPU Time used in G_DENS          is   0.00 seconds
 >>>  CPU Time used in SCF iteration   is   0.20 seconds
** Get Fock matrix number   4
 Using purely new Integrals
 >>>  CPU Time used in reg-Fbuild      is   0.20 seconds
 >>>  CPU Time used in reg-F           is   0.20 seconds
 >>>  CPU Time used in FCK_FO          is   0.20 seconds
 >>>  CPU Time used in G_GRAD          is   0.00 seconds
  4   -150.6938531766   -0.00027353160   -1.00      0.00000    0.00    0.0000000    0.19E-01  ###
*=*=*=*=*=*=*=*=*=*=*=*=*=*=*=*=*=*=*=*=*=*=*=*=*=*=*=*
                  Memory statistics, iteration   4
*=*=*=*=*=*=*=*=*=*=*=*=*=*=*=*=*=*=*=*=*=*=*=*=*=*=*=*
  Max allocated memory, TOTAL                 164.099 MB
  Max allocated memory, type(matrix)           75.625 kB
  Max allocated memory, real                  164.043 MB
  Max allocated memory, integer                77.383 kB
  Max allocated memory, integrand              21.362 MB
  Max allocated memory, integralitem          141.814 MB
  Max allocated memory, overlap               781.656 kB
  Max allocated memory, ODitem                 37.813 kB

  Allocated memory,     TOTAL                  64.281 kB
  Allocated memory,     type(matrix)           64.281 kB
*=*=*=*=*=*=*=*=*=*=*=*=*=*=*=*=*=*=*=*=*=*=*=*=*=*=*=*

** Make average of the last F and D matrices
 >>>  CPU Time used in AVERAG          is   0.00 seconds
** Get new density 
No. of matmuls in get_density:     0
 >>>  CPU Time used in G_DENS          is   0.00 seconds
 >>>  CPU Time used in SCF iteration   is   0.20 seconds
** Get Fock matrix number   5
 Using purely new Integrals
 >>>  CPU Time used in reg-Fbuild      is   0.20 seconds
 >>>  CPU Time used in reg-F           is   0.20 seconds
 >>>  CPU Time used in FCK_FO          is   0.20 seconds
 >>>  CPU Time used in G_GRAD          is   0.00 seconds
  5   -150.6938758032   -0.00002262656   -1.00      0.00000    0.00    0.0000000    0.41E-02  ###
*=*=*=*=*=*=*=*=*=*=*=*=*=*=*=*=*=*=*=*=*=*=*=*=*=*=*=*
                  Memory statistics, iteration   5
*=*=*=*=*=*=*=*=*=*=*=*=*=*=*=*=*=*=*=*=*=*=*=*=*=*=*=*
  Max allocated memory, TOTAL                 164.099 MB
  Max allocated memory, type(matrix)           86.969 kB
  Max allocated memory, real                  164.043 MB
  Max allocated memory, integer                77.383 kB
  Max allocated memory, integrand              21.362 MB
  Max allocated memory, integralitem          141.814 MB
  Max allocated memory, overlap               781.656 kB
  Max allocated memory, ODitem                 37.813 kB

  Allocated memory,     TOTAL                  75.625 kB
  Allocated memory,     type(matrix)           75.625 kB
*=*=*=*=*=*=*=*=*=*=*=*=*=*=*=*=*=*=*=*=*=*=*=*=*=*=*=*

** Make average of the last F and D matrices
 >>>  CPU Time used in AVERAG          is   0.00 seconds
** Get new density 
No. of matmuls in get_density:     0
 >>>  CPU Time used in G_DENS          is   0.00 seconds
 >>>  CPU Time used in SCF iteration   is   0.20 seconds
** Get Fock matrix number   6
 Using purely new Integrals
 >>>  CPU Time used in reg-Fbuild      is   0.20 seconds
 >>>  CPU Time used in reg-F           is   0.20 seconds
 >>>  CPU Time used in FCK_FO          is   0.20 seconds
 >>>  CPU Time used in G_GRAD          is   0.00 seconds
  6   -150.6938776036   -0.00000180036   -1.00      0.00000    0.00    0.0000000    0.14E-02  ###
*=*=*=*=*=*=*=*=*=*=*=*=*=*=*=*=*=*=*=*=*=*=*=*=*=*=*=*
                  Memory statistics, iteration   6
*=*=*=*=*=*=*=*=*=*=*=*=*=*=*=*=*=*=*=*=*=*=*=*=*=*=*=*
  Max allocated memory, TOTAL                 164.099 MB
  Max allocated memory, type(matrix)           98.313 kB
  Max allocated memory, real                  164.043 MB
  Max allocated memory, integer                77.383 kB
  Max allocated memory, integrand              21.362 MB
  Max allocated memory, integralitem          141.814 MB
  Max allocated memory, overlap               781.656 kB
  Max allocated memory, ODitem                 37.813 kB

  Allocated memory,     TOTAL                  86.969 kB
  Allocated memory,     type(matrix)           86.969 kB
*=*=*=*=*=*=*=*=*=*=*=*=*=*=*=*=*=*=*=*=*=*=*=*=*=*=*=*

** Make average of the last F and D matrices
 >>>  CPU Time used in AVERAG          is   0.00 seconds
** Get new density 
No. of matmuls in get_density:     0
 >>>  CPU Time used in G_DENS          is   0.00 seconds
 >>>  CPU Time used in SCF iteration   is   0.20 seconds
** Get Fock matrix number   7
 Using purely new Integrals
 >>>  CPU Time used in reg-Fbuild      is   0.20 seconds
 >>>  CPU Time used in reg-F           is   0.20 seconds
 >>>  CPU Time used in FCK_FO          is   0.20 seconds
 >>>  CPU Time used in G_GRAD          is   0.00 seconds
  7   -150.6938778715   -0.00000026797   -1.00      0.00000    0.00    0.0000000    0.26E-03  ###
*=*=*=*=*=*=*=*=*=*=*=*=*=*=*=*=*=*=*=*=*=*=*=*=*=*=*=*
                  Memory statistics, iteration   7
*=*=*=*=*=*=*=*=*=*=*=*=*=*=*=*=*=*=*=*=*=*=*=*=*=*=*=*
  Max allocated memory, TOTAL                 164.099 MB
  Max allocated memory, type(matrix)          109.656 kB
  Max allocated memory, real                  164.043 MB
  Max allocated memory, integer                77.383 kB
  Max allocated memory, integrand              21.362 MB
  Max allocated memory, integralitem          141.814 MB
  Max allocated memory, overlap               781.656 kB
  Max allocated memory, ODitem                 37.813 kB

  Allocated memory,     TOTAL                  98.313 kB
  Allocated memory,     type(matrix)           98.313 kB
*=*=*=*=*=*=*=*=*=*=*=*=*=*=*=*=*=*=*=*=*=*=*=*=*=*=*=*

** Make average of the last F and D matrices
 >>>  CPU Time used in AVERAG          is   0.00 seconds
** Get new density 
No. of matmuls in get_density:     0
 >>>  CPU Time used in G_DENS          is   0.00 seconds
 >>>  CPU Time used in SCF iteration   is   0.20 seconds
** Get Fock matrix number   8
 Using purely new Integrals
 >>>  CPU Time used in reg-Fbuild      is   0.20 seconds
 >>>  CPU Time used in reg-F           is   0.20 seconds
 >>>  CPU Time used in FCK_FO          is   0.20 seconds
 >>>  CPU Time used in G_GRAD          is   0.00 seconds
  8   -150.6938778791   -0.00000000761   -1.00      0.00000    0.00    0.0000000    0.68E-04  ###
*=*=*=*=*=*=*=*=*=*=*=*=*=*=*=*=*=*=*=*=*=*=*=*=*=*=*=*
                  Memory statistics, iteration   8
*=*=*=*=*=*=*=*=*=*=*=*=*=*=*=*=*=*=*=*=*=*=*=*=*=*=*=*
  Max allocated memory, TOTAL                 164.099 MB
  Max allocated memory, type(matrix)          121.000 kB
  Max allocated memory, real                  164.043 MB
  Max allocated memory, integer                77.383 kB
  Max allocated memory, integrand              21.362 MB
  Max allocated memory, integralitem          141.814 MB
  Max allocated memory, overlap               781.656 kB
  Max allocated memory, ODitem                 37.813 kB

  Allocated memory,     TOTAL                 109.656 kB
  Allocated memory,     type(matrix)          109.656 kB
*=*=*=*=*=*=*=*=*=*=*=*=*=*=*=*=*=*=*=*=*=*=*=*=*=*=*=*

** Make average of the last F and D matrices
 >>>  CPU Time used in AVERAG          is   0.00 seconds
** Get new density 
No. of matmuls in get_density:     0
 >>>  CPU Time used in G_DENS          is   0.00 seconds
 >>>  CPU Time used in SCF iteration   is   0.20 seconds
** Get Fock matrix number   9
 Using purely new Integrals
 >>>  CPU Time used in reg-Fbuild      is   0.20 seconds
 >>>  CPU Time used in reg-F           is   0.20 seconds
 >>>  CPU Time used in FCK_FO          is   0.20 seconds
 >>>  CPU Time used in G_GRAD          is   0.00 seconds
  9   -150.6938778798   -0.00000000063   -1.00      0.00000    0.00    0.0000000    0.15E-04  ###
*=*=*=*=*=*=*=*=*=*=*=*=*=*=*=*=*=*=*=*=*=*=*=*=*=*=*=*
                  Memory statistics, iteration   9
*=*=*=*=*=*=*=*=*=*=*=*=*=*=*=*=*=*=*=*=*=*=*=*=*=*=*=*
  Max allocated memory, TOTAL                 164.099 MB
  Max allocated memory, type(matrix)          132.344 kB
  Max allocated memory, real                  164.043 MB
  Max allocated memory, integer                77.383 kB
  Max allocated memory, integrand              21.362 MB
  Max allocated memory, integralitem          141.814 MB
  Max allocated memory, overlap               781.656 kB
  Max allocated memory, ODitem                 37.813 kB

  Allocated memory,     TOTAL                 121.000 kB
  Allocated memory,     type(matrix)          121.000 kB
*=*=*=*=*=*=*=*=*=*=*=*=*=*=*=*=*=*=*=*=*=*=*=*=*=*=*=*

** Make average of the last F and D matrices
 >>>  CPU Time used in AVERAG          is   0.00 seconds
** Get new density 
No. of matmuls in get_density:     0
 >>>  CPU Time used in G_DENS          is   0.00 seconds
 >>>  CPU Time used in SCF iteration   is   0.20 seconds
** Get Fock matrix number  10
 Using purely new Integrals
 >>>  CPU Time used in reg-Fbuild      is   0.20 seconds
 >>>  CPU Time used in reg-F           is   0.20 seconds
 >>>  CPU Time used in FCK_FO          is   0.20 seconds
 >>>  CPU Time used in G_GRAD          is   0.00 seconds
 10   -150.6938778798   -0.00000000002   -1.00      0.00000    0.00    0.0000000    0.24E-05  ###
*=*=*=*=*=*=*=*=*=*=*=*=*=*=*=*=*=*=*=*=*=*=*=*=*=*=*=*
                  Memory statistics, iteration  10
*=*=*=*=*=*=*=*=*=*=*=*=*=*=*=*=*=*=*=*=*=*=*=*=*=*=*=*
  Max allocated memory, TOTAL                 164.099 MB
  Max allocated memory, type(matrix)          132.344 kB
  Max allocated memory, real                  164.043 MB
  Max allocated memory, integer                77.383 kB
  Max allocated memory, integrand              21.362 MB
  Max allocated memory, integralitem          141.814 MB
  Max allocated memory, overlap               781.656 kB
  Max allocated memory, ODitem                 37.813 kB

  Allocated memory,     TOTAL                 121.000 kB
  Allocated memory,     type(matrix)          121.000 kB
*=*=*=*=*=*=*=*=*=*=*=*=*=*=*=*=*=*=*=*=*=*=*=*=*=*=*=*

** Make average of the last F and D matrices
 >>>  CPU Time used in AVERAG          is   0.00 seconds
** Get new density 
No. of matmuls in get_density:     0
 >>>  CPU Time used in G_DENS          is   0.00 seconds
 >>>  CPU Time used in SCF iteration   is   0.20 seconds
** Get Fock matrix number  11
 Using purely new Integrals
 >>>  CPU Time used in reg-Fbuild      is   0.20 seconds
 >>>  CPU Time used in reg-F           is   0.20 seconds
 >>>  CPU Time used in FCK_FO          is   0.20 seconds
 >>>  CPU Time used in G_GRAD          is   0.00 seconds
 11   -150.6938778798    0.00000000000   -1.00      0.00000    0.00    0.0000000    0.27E-06  ###
*=*=*=*=*=*=*=*=*=*=*=*=*=*=*=*=*=*=*=*=*=*=*=*=*=*=*=*
                  Memory statistics, iteration  11
*=*=*=*=*=*=*=*=*=*=*=*=*=*=*=*=*=*=*=*=*=*=*=*=*=*=*=*
  Max allocated memory, TOTAL                 164.099 MB
  Max allocated memory, type(matrix)          132.344 kB
  Max allocated memory, real                  164.043 MB
  Max allocated memory, integer                77.383 kB
  Max allocated memory, integrand              21.362 MB
  Max allocated memory, integralitem          141.814 MB
  Max allocated memory, overlap               781.656 kB
  Max allocated memory, ODitem                 37.813 kB

  Allocated memory,     TOTAL                 121.000 kB
  Allocated memory,     type(matrix)          121.000 kB
*=*=*=*=*=*=*=*=*=*=*=*=*=*=*=*=*=*=*=*=*=*=*=*=*=*=*=*

 >>>  CPU Time used in **ITER          is   2.17 seconds

Total no. of matmuls in SCF optimization:         60

********************************************************
 it       dE(HF)       DSMexit   RHshift    RHinfo 
********************************************************
  1    0.00000000000    0.0000    0.0000    0.0000000
  2   -0.03165015888    0.0000    0.0000    0.0000000
  3   -0.00294560184   -1.0000    0.0000    0.0000000
  4   -0.00027353160   -1.0000    0.0000    0.0000000
  5   -0.00002262656   -1.0000    0.0000    0.0000000
  6   -0.00000180036   -1.0000    0.0000    0.0000000
  7   -0.00000026797   -1.0000    0.0000    0.0000000
  8   -0.00000000761   -1.0000    0.0000    0.0000000
  9   -0.00000000063   -1.0000    0.0000    0.0000000
 10   -0.00000000002   -1.0000    0.0000    0.0000000
 11    0.00000000000   -1.0000    0.0000    0.0000000

======================================================================
                   LINSCF ITERATIONS:
  It.nr.               Energy                    Gradient norm
======================================================================
    1          -150.65898388430372278890      0.107556936042833D+01
    2          -150.69063404318700349904      0.388475200765677D+00
    3          -150.69357964502603408619      0.941086152209376D-01
    4          -150.69385317662403167560      0.191941448879257D-01
    5          -150.69387580318743857788      0.414988732431517D-02
    6          -150.69387760355147065638      0.141929331842657D-02
    7          -150.69387787152498958676      0.256588686241101D-03
    8          -150.69387787913854026556      0.680595227478288D-04
    9          -150.69387787976799586431      0.150199191025807D-04
   10          -150.69387787978922688126      0.238346856166174D-05
   11          -150.69387787978956794177      0.272697417272566D-06

      SCF converged !!!! 
         >>> Final results from LSDALTON <<<


      Final HF energy:                  -150.693877879790
      Nuclear repulsion:                  36.151288508275
      Electronic energy:                -186.845166388065




                       Permanent dipole moment
                       -----------------------
               au              Debye           10**-30 C m
            1.52858           3.88526           12.9598    


                       Dipole moment components
                       ------------------------
               au              Debye           10**-30 C m
 x        -0.276307E-13     -0.702303E-13     -0.234263E-12
 y        -0.875966E-13     -0.222649E-12     -0.742675E-12
 z          1.52858           3.88526           12.9598    



 >>>  CPU Time used in LSDALTON RSP    is   0.01 seconds
 *****************************************************
 **     CPU-TIME USED IN LSDALTON RESPONSE:   5.653000000000130E-003    **
 *****************************************************
 >>>  CPU Time used in *SCF            is   2.18 seconds

Total no. of matmuls used:                        60
Total no. of Fock/KS matrix evaluations:          11
*=*=*=*=*=*=*=*=*=*=*=*=*=*=*=*=*=*=*=*=*=*=*=*=*=*=*=*
                  Memory statistics          
*=*=*=*=*=*=*=*=*=*=*=*=*=*=*=*=*=*=*=*=*=*=*=*=*=*=*=*
  Allocated memory (TOTAL):                 0 byte  - Should be zero - otherwise a leakage is present
  Allocated memory (type(matrix)):          0 byte  - Should be zero - otherwise a leakage is present
  Allocated memory (real):                  0 byte  - Should be zero - otherwise a leakage is present
  Allocated memory (integer):               0 byte  - Should be zero - otherwise a leakage is present
  Allocated memory (logical):               0 byte  - Should be zero - otherwise a leakage is present
  Allocated memory (linkshell):             0 byte  - Should be zero - otherwise a leakage is present
  Allocated memory (integrand):             0 byte  - Should be zero - otherwise a leakage is present
  Allocated memory (integralitem):          0 byte  - Should be zero - otherwise a leakage is present
  Allocated memory (overlap):               0 byte  - Should be zero - otherwise a leakage is present
  Allocated memory (ODitem):                0 byte  - Should be zero - otherwise a leakage is present
  Max allocated memory, TOTAL                 164.099 MB
  Max allocated memory, type(matrix)          132.344 kB
  Max allocated memory, real(realk)           164.043 MB
  Max allocated memory, integer                77.383 kB
  Max allocated memory, logical                 0.000 Byte
  Max allocated memory, linkshell               0.000 Byte
  Max allocated memory, integrand              21.362 MB
  Max allocated memory, integralitem          141.814 MB
  Max allocated memory, Overlap               781.656 kB
  Max allocated memory, ODitem                 37.813 kB
*=*=*=*=*=*=*=*=*=*=*=*=*=*=*=*=*=*=*=*=*=*=*=*=*=*=*=*

 >>>  CPU Time used in LSDALTON        is   2.67 seconds
 *****************************************************
 **     CPU-TIME USED IN LSDALTON:    2.67233000000000         **
 *****************************************************
