

    ******************************************************************
    ***********  DALTON - An electronic structure program  ***********
    ******************************************************************

    This is output from DALTON (Release 2.0 rev. 0, Mar. 2005)

    Celestino Angeli,         University of Ferrara,        Italy      
    Keld L. Bak,              UNI-C,                        Denmark    
    Vebjoern Bakken,          University of Oslo,           Norway     
    Ove Christiansen,         Aarhus University,            Denmark    
    Renzo Cimiraglia,         University of Ferrara,        Italy      
    Sonia Coriani,            University of Trieste,        Italy      
    Paal Dahle,               University of Oslo,           Norway     
    Erik K. Dalskov,          UNI-C,                        Denmark    
    Thomas Enevoldsen,        SDU - Odense University,      Denmark    
    Berta Fernandez,          U. of Santiago de Compostela, Spain      
    Christof Haettig,         Forschungszentrum Karlsruhe,  Germany    
    Kasper Hald,              Aarhus University,            Denmark    
    Asger Halkier,            Aarhus University,            Denmark    
    Hanne Heiberg,            University of Oslo,           Norway     
    Trygve Helgaker,          University of Oslo,           Norway     
    Hinne Hettema,            University of Auckland,       New Zealand
    Hans Joergen Aa. Jensen,  Univ. of Southern Denmark,    Denmark    
    Dan Jonsson,              KTH Stockholm,                Sweden     
    Poul Joergensen,          Aarhus University,            Denmark    
    Sheela Kirpekar,          SDU - Odense University,      Denmark    
    Wim Klopper,              University of Karlsruhe,      Germany    
    Rika Kobayashi,           ANU Supercomputer Facility,   Australia  
    Henrik Koch,              University of Trondheim,      Norway     
    Ola B. Lutnaes,           University of Oslo,           Norway     
    Kurt V. Mikkelsen,        University of Copenhagen,     Denmark    
    Patrick Norman,           University of Linkoeping,     Sweden     
    Jeppe Olsen,              Aarhus University,            Denmark    
    Martin J. Packer,         University of Sheffield,      UK         
    Thomas B. Pedersen,       University of Lund,           Sweden     
    Zilvinas Rinkevicius,     KTH Stockholm,                Sweden     
    Elias Rudberg,            KTH Stockholm,                Sweden     
    Torgeir A. Ruden,         University of Oslo,           Norway     
    Kenneth Ruud,             University of Tromsoe,        Norway     
    Pawel Salek,              KTH Stockholm,                Sweden     
    Alfredo Sanchez de Meras, University of Valencia,       Spain      
    Trond Saue,               University of Strasbourg,     France     
    Stephan P. A. Sauer,      University of Copenhagen,     Denmark    
    Bernd Schimmelpfennig,    Forschungszentrum Karlsruhe,  Sweden     
    K. O. Sylvester-Hvid,     University of Copenhagen,     Denmark    
    Peter R. Taylor,          University of Warwick,        UK         
    Olav Vahtras,             KTH Stockholm,                Sweden     
    David J. Wilson,          University of Oslo,           Norway     
    Hans Agren,               KTH Stockholm,                Sweden     

 ---------------------------------------------------------------------

     NOTE:
      
     This is an experimental code for the evaluation of molecular
     properties using (MC)SCF and CC wave functions. The authors
     accept no responsibility for the performance of the code or
     for the correctness of the results.
      
     The code (in whole or part) is provided under a licence and
     is not to be reproduced for further distribution without
     the written permission of the authors or their representatives.
      
     See the home page "http://www.kjemi.uio.no/software/dalton"
     for further information.
      
     If results obtained with this code are published,
     an appropriate citation would be:
      
     "Dalton, a molecular electronic structure program, Release 2.0
     (2005), see http://www.kjemi.uio.no/software/dalton/dalton.html"

     Date and time (Linux)  : Thu Mar  3 22:08:18 2005
     Host name              : pi.biotech.kth.se                       

 <<<<<<<<<< OUTPUT FROM GENERAL INPUT PROCESSING >>>>>>>>>>


 Default print level:        0

    "Old" integral transformation used (limited to max 255 basis functions)


 Chosen parameters for OPTIMI:
 -----------------------------

 Default 1st order method will be used:   BFGS update.
 Optimization will be performed in redundant internal coordinates.
 Model Hessian will be used as initial Hessian.
 The model Hessian parameters of Roland Lindh will be used.


 Trust region method will be used to control step (default).



          >>>>>>>>>>>>>>>>>>>>>>>>>>>>>>>>>>>>>>>>>>>>>>>>>>>>>
          >>>>>>>>>> 1st Order Geometry Optimization >>>>>>>>>>
          >>>>>>>>>>>>>>>>>>>>>>>>>>>>>>>>>>>>>>>>>>>>>>>>>>>>>



 *************************************************************************
 ****************** Output from HERMIT input processing ******************
 *************************************************************************


Starting in Integral Section -



 *************************************************************************
 ****************** Output from HERMIT input processing ******************
 *************************************************************************



 *************************************************************************
 ****************** Output from READIN input processing ******************
 *************************************************************************



  Title Cards
  -----------

  H2O                                                                     
  No symmetry                                                             


                      SYMGRP:Point group information
                      ------------------------------

Point group: C1 

   * Character table

        |  E 
   -----+-----
    A   |   1

   * Direct product table

        | A  
   -----+-----
    A   | A  


                             Isotopic Masses
                             ---------------

                           O          15.994915
                           H1          1.007825
                           H2          1.007825

                       Total mass:    18.010565 amu
                       Natural abundance:  99.730 %

 Center-of-mass coordinates (A):    0.000000    0.000000    0.089532


  Atoms and basis sets
  --------------------

  Number of atom types:     2
  Total number of atoms:    3

  Basis set used is "6-31G*" from the basis set library.

  label    atoms   charge   prim    cont     basis
  ----------------------------------------------------------------------
  O           1       8      27      14      [10s4p1d|3s2p1d]                             
  H1          1       1       4       2      [4s|2s]                                      
  H2          1       1       4       2      [4s|2s]                                      
  ----------------------------------------------------------------------
  total:      3      10      35      18
  ----------------------------------------------------------------------
  Spherical harmonic basis used.

  Threshold for integrals:  1.00E-15


  Cartesian Coordinates
  ---------------------

  Total number of coordinates:  9

   1   O        x      0.0000000000
   2            y      0.0000000000
   3            z      0.0000000000

   4   H1       x      1.4300000000
   5            y      0.0000000000
   6            z      0.8000000000

   7   H2       x     -1.4300000000
   8            y      0.0000000000
   9            z      0.8000000000


   Interatomic separations (in Angstroms):
   ---------------------------------------

            O           H1          H2    
            ------      ------      ------
 O     :    0.000000
 H1    :    0.867092    0.000000
 H2    :    0.867092    1.513447    0.000000


  Max interatomic separation is    1.5134 Angstroms
  between atoms "H2    " and "H1    ".


  Bond distances (angstroms):
  ---------------------------

                  atom 1     atom 2       distance
                  ------     ------       --------
  bond distance:  H1         O            0.867092
  bond distance:  H2         O            0.867092


  Bond angles (degrees):
  ----------------------

                  atom 1     atom 2     atom 3         angle
                  ------     ------     ------         -----
  bond angle:     H1         O          H2           121.551




 Principal moments of inertia (u*A**2) and principal axes
 --------------------------------------------------------

   IA    0.320813          1.000000    0.000000    0.000000
   IB    1.154222          0.000000    0.000000    1.000000
   IC    1.475035          0.000000    1.000000    0.000000


 Rotational constants
 --------------------

 The molecule is planar.

               A                   B                   C

        1575307.1300         437852.4026         342621.6356 MHz
           52.546590           14.605184           11.428628 cm-1


  Nuclear repulsion energy :   10.114283351242


 ************************************************************************
 ************************** Output from HERINT **************************
 ************************************************************************


 >>> Time used in HUCKEL is   0.00 seconds


 >>> Time used in ONEDRV is   0.00 seconds


 Number of two-electron integrals written:        6023 ( 41.0% )
 Megabytes written:                              0.076



 >>> Time used in TWOINT is   0.02 seconds

 >>>> Total CPU  time used in HERMIT:   0.03 seconds
 >>>> Total wall time used in HERMIT:   0.00 seconds

- End of Integral Section


Starting in Wave Function Section -


 *** Output from Huckel module :

     Using EWMO model:          T
     Using EHT  model:          F
     Number of Huckel orbitals each symmetry:    7

 EWMO - Energy Weighted Maximum Overlap - is a Huckel type method,
 which normally is better than Extended Huckel Theory.
 Reference: Linderberg and Ohrm, Propagators in Quantum Chemistry (Wiley, 1973)

 Huckel EWMO eigenvalues for symmetry :  1
          -20.679698      -1.642740      -0.818285      -0.666351      -0.623712
           -0.208260      -0.135057
 **********************************************************************
 *SIRIUS* a direct, restricted step, second order MCSCF program       *
 **********************************************************************

 
     Date and time (Linux)  : Thu Mar  3 22:08:18 2005
     Host name              : pi.biotech.kth.se                       

 Title lines from integral program:
     H2O                                                                     
     No symmetry                                                             

 Print level on unit LUPRI =   2 is   0
 Print level on unit LUW4  =   2 is   5

     Restricted, closed shell Kohn-Sham calculation.


 Initial molecular orbitals are obtained according to
 ".MOSTART EWMO  " input option.

     Wave function specification
     ============================
     Number of closed shell electrons         10
     Number of electrons in active shells      0
     Total charge of the molecule              0

     Number of active orbitals                 0
     Total number of orbitals                 18

     Spin multiplicity                         1
     Total number of symmetries                1
     Reference state symmetry                  1
 
     This is a DFT calculation of type: B3LYP
 Weighted mixed functional:
               HF exchange:    0.20000
                       VWN:    0.19000
                       LYP:    0.81000
                     Becke:    0.72000
                    Slater:    0.80000

     Orbital specifications
     ======================
     Abelian symmetry species           1
                                       --
     Total number of orbitals          18
     Number of basis functions         18

      ** Automatic occupation of RKS orbitals **
      -- Initial occupation of symmetries is determined from Huckel guess.                    
      -- Initial occupation of symmetries is : --

     Occupied SCF orbitals              5

     Maximum number of Fock   iterations      0
     Maximum number of DIIS   iterations     60
     Maximum number of QC-SCF iterations     15
     Threshold for SCF convergence     1.00E-06


 >>>>> DIIS optimization of Hartree-Fock <<<<<

 C1-DIIS algorithm; max error vectors =   10

 Automatic occupation of symmetries with  10 electrons.

 Iter     Total energy    Error norm  Delta(E)    HF occupation
 -----------------------------------------------------------------------------
 Radial Quadrature : LMG scheme
 Space partitioning: Original Becke partitioning
 Radial integration threshold: 1e-13
 Atom:    1*1 points=18852 compressed from 18852 (114 radial)
 Atom:    2*1 points=16098 compressed from 16146 ( 81 radial)
 Atom:    3*1 points=16098 compressed from 16146 ( 81 radial)
 Number of grid points:    51048 Grid generation time:       0.1 s
K-S electrons/energy :   10.00000253594300   -7.50689455081950 err:0.25E-05
   1    -76.161578692160   1.63E+00  -7.62E+01    5
K-S electrons/energy :   10.00000235049578   -7.66297958846551 err:0.24E-05
   2    -76.329411582219   5.27E-01  -1.68E-01    5
K-S electrons/energy :   10.00000220501312   -7.56837668721532 err:0.22E-05
   3    -76.339563199569   2.41E-01  -1.02E-02    5
K-S electrons/energy :   10.00000217553455   -7.62100804465974 err:0.22E-05
   4    -76.341716634502   8.69E-02  -2.15E-03    5
K-S electrons/energy :   10.00000219205932   -7.60695778223407 err:0.22E-05
   5    -76.342046682584   2.95E-03  -3.30E-04    5
K-S electrons/energy :   10.00000219110360   -7.60739286362793 err:0.22E-05
   6    -76.342047069419   1.57E-04  -3.87E-07    5
K-S electrons/energy :   10.00000219109748   -7.60741550753003 err:0.22E-05
   7    -76.342047070572   4.22E-06  -1.15E-09    5
K-S electrons/energy :   10.00000219109909   -7.60741541067648 err:0.22E-05
   8    -76.342047070575   2.26E-07  -2.41E-12    5
 DIIS converged in   8 iterations !


 *** RHF orbital energy analysis ***

 Only the five lowest virtual orbital energies printed in each symmetry.

 Number of electrons :   10
 Orbital occupations :    5

 Hartree-Fock orbital energies, symmetry 1

       -19.09907025    -1.02559889    -0.58689231    -0.34143106    -0.29089356
         0.09836623     0.18487369     0.87591028     0.89718491     0.91354659

    E(LUMO) :     0.09836623 au (symmetry 1)
  - E(HOMO) :    -0.29089356 au (symmetry 1)
  ------------------------------------------
    gap     :     0.38925979 au

 >>> Writing SIRIFC interface file <<<


                    >>> FINAL RESULTS FROM SIRIUS <<<

     Spin multiplicity:           1
     Spatial symmetry:            1
     Total charge of molecule:    0

     Final DFT energy:            -76.342047070575
     Nuclear repulsion:            10.114283351242
     Electronic energy:           -86.456330421817

     Final gradient norm:           0.000000225637

 
     Date and time (Linux)  : Thu Mar  3 22:08:26 2005
     Host name              : pi.biotech.kth.se                       

     Molecular orbitals for symmetry species   1

 Orbital          1        2        3        4        5
   1  O   1s    -0.9950   0.2132   0.0000  -0.0708   0.0000
   2  O   1s    -0.0284  -0.4664   0.0000   0.1571   0.0000
   3  O   1s     0.0137  -0.4371   0.0000   0.3083   0.0000
   4  O   2px    0.0000   0.0000  -0.5282   0.0000   0.0000
   5  O   2py    0.0000   0.0000   0.0000   0.0000   0.6412
   6  O   2pz   -0.0016  -0.1222   0.0000  -0.5856   0.0000
   7  O   2px    0.0000   0.0000  -0.2289   0.0000   0.0000
   8  O   2py    0.0000   0.0000   0.0000   0.0000   0.5097
   9  O   2pz    0.0019  -0.0475   0.0000  -0.4230   0.0000
  10  O   3d2-   0.0000   0.0000   0.0000   0.0000   0.0000
  11  O   3d1-   0.0000   0.0000   0.0000   0.0000   0.0343
  12  O   3d0    0.0000  -0.0004   0.0000  -0.0367   0.0000
  13  O   3d1+   0.0000   0.0000  -0.0343   0.0000   0.0000
  14  O   3d2+  -0.0001  -0.0206   0.0000   0.0037   0.0000
  15  H1  1s     0.0004  -0.1570  -0.2562  -0.1180   0.0000
  16  H1  1s    -0.0035   0.0023  -0.1072  -0.0651   0.0000
  17  H2  1s     0.0004  -0.1570   0.2562  -0.1180   0.0000
  18  H2  1s    -0.0035   0.0023   0.1072  -0.0651   0.0000



 >>>> Total CPU  time used in SIRIUS :      8.12 seconds
 >>>> Total wall time used in SIRIUS :      8.00 seconds

 
     Date and time (Linux)  : Thu Mar  3 22:08:26 2005
     Host name              : pi.biotech.kth.se                       

- End of Wave Function Section

                                   
     Order of the analytical energy-derivative available:   2
     This will be the default.
                                   

Starting in Static Property Section -


 
     Date and time (Linux)  : Thu Mar  3 22:08:26 2005
     Host name              : pi.biotech.kth.se                       


        +---------------------------------------------------------+
        ! Gradient elements calculated directly and from symmetry !
        +---------------------------------------------------------+



        Coordinate    Direct calc.     Tra.-rot. sym.   Difference  
        ------------------------------------------------------------

        O    x        0.0000000000     0.0000000000     0.0000000000
        O    y        0.0000000000     0.0000000000     0.0000000000
        O    z        0.1642015212     0.1642108948    -0.0000093736
        H1   x       -0.1044292689    -0.1044292689     0.0000000000
        H1   y        0.0000000000     0.0000000000     0.0000000000
        H2   y        0.0000000000     0.0000000000     0.0000000000



 >>> WARNING from TRAROT:

 Largest deviation from tra-rot symmetry is in gradient element  3:  9.37E-06


 ***************************************************************************
 ************************ FINAL RESULTS FROM ABACUS ************************
 ***************************************************************************


 
     Date and time (Linux)  : Thu Mar  3 22:08:27 2005
     Host name              : pi.biotech.kth.se                       

 WARNING: warnings have been issued, please check the output above !



                         Molecular geometry (au)
                         -----------------------

 O          0.0000000000            0.0000000000            0.0000000000
 H1         1.4300000000            0.0000000000            0.8000000000
 H2        -1.4300000000            0.0000000000            0.8000000000





                    Molecular wave function and energy
                    ----------------------------------

     Spin multiplicity  1     State number       1     Total charge       0


     Total energy        -76.3420470706 au (Hartrees)
                         -2077.37271526 eV
                           -200436.0158 kJ/mol




                         Relativistic corrections
                         ------------------------

     Darwin correction:                          0.1944816894 au
     Mass-velocity correction:                  -0.2457207573 au

     Total relativistic correction:             -0.0512390679 au (0.0671%)
     Non-relativistic + relativistic energy:   -76.3932861385 au




                         Molecular gradient (au)
                         -----------------------

 O          0.0000000000            0.0000000000            0.1642015212
 H1        -0.1044292689            0.0000000000           -0.0821054474
 H2         0.1044292689            0.0000000000           -0.0821054474





                              Dipole moment
                              -------------

                    0.677294 au           1.721508 Debye




                         Dipole moment components
                         ------------------------

                               au             Debye

                    x      0.00000000      0.00000000
                    y      0.00000000      0.00000000
                    z      0.67729359      1.72150840

                        1 a.u. =   2.54175 Debye 





   Interatomic separations (in Angstroms):
   ---------------------------------------

            O           H1          H2    
            ------      ------      ------
 O     :    0.000000
 H1    :    0.867092    0.000000
 H2    :    0.867092    1.513447    0.000000


  Max interatomic separation is    1.5134 Angstroms
  between atoms "H2    " and "H1    ".


  Bond distances (angstroms):
  ---------------------------

                  atom 1     atom 2       distance
                  ------     ------       --------
  bond distance:  H1         O            0.867092
  bond distance:  H2         O            0.867092


  Bond angles (degrees):
  ----------------------

                  atom 1     atom 2     atom 3         angle
                  ------     ------     ------         -----
  bond angle:     H1         O          H2           121.551




 CPU time statistics for ABACUS
 ------------------------------

 ONEINT     00:00:02      97 %

 TOTAL      00:00:02     100 %



 >>>> Total CPU  time used in ABACUS:   1.69 seconds
 >>>> Total wall time used in ABACUS:   1.00 seconds

- End of Static Property Section



       :::::::::::::::::::::::::::::::::::::::::::::::::::::::::::
       ::::::::::::::: Optimization Control Center :::::::::::::::
       :::::::::::::::::::::::::::::::::::::::::::::::::::::::::::



                            Next geometry (au)
                            ------------------

 O          0.0000000000            0.0000000000           -0.0778094328
 H1         1.5329190984            0.0000000000            0.8389047164
 H2        -1.5329190984            0.0000000000            0.8389047164





                         Optimization information
                         ------------------------

 Iteration number               :       0
 End of optimization            :       F 
 Energy at this geometry is     :     -76.342047
 Norm of gradient               :       0.249511
 Norm of step                   :       0.216522
 Updated trust radius           :       0.500000
 Total Hessian index            :       0



Starting in Integral Section -



 *************************************************************************
 ****************** Output from HERMIT input processing ******************
 *************************************************************************


 >>> Time used in ONEDRV is   0.00 seconds


 Number of two-electron integrals written:        6023 ( 41.0% )
 Megabytes written:                              0.076



 >>> Time used in TWOINT is   0.02 seconds

 >>>> Total CPU  time used in HERMIT:   0.02 seconds
 >>>> Total wall time used in HERMIT:   0.00 seconds

- End of Integral Section


Starting in Wave Function Section -

 **********************************************************************
 *SIRIUS* a direct, restricted step, second order MCSCF program       *
 **********************************************************************

 
     Date and time (Linux)  : Thu Mar  3 22:08:27 2005
     Host name              : pi.biotech.kth.se                       

 Title lines from integral program:
     H2O                                                                     
     No symmetry                                                             

 Print level on unit LUPRI =   2 is   0
 Print level on unit LUW4  =   2 is   3

     Restricted, closed shell Kohn-Sham calculation.


 Initial molecular orbitals are obtained according to
 ".MOSTART NEWORB" input option.

     Wave function specification
     ============================
     Number of closed shell electrons         10
     Number of electrons in active shells      0
     Total charge of the molecule              0

     Number of active orbitals                 0
     Total number of orbitals                 18

     Spin multiplicity                         1
     Total number of symmetries                1
     Reference state symmetry                  1
 
     This is a DFT calculation of type: B3LYP
 Weighted mixed functional:
               HF exchange:    0.20000
                       VWN:    0.19000
                       LYP:    0.81000
                     Becke:    0.72000
                    Slater:    0.80000

     Orbital specifications
     ======================
     Abelian symmetry species           1
                                       --
     Occupied SCF orbitals              5
     Secondary orbitals                13
     Total number of orbitals          18
     Number of basis functions         18

     Optimization information
     ========================
     Number of configurations              1
     Number of orbital rotations          65
     ---------------------------------------
     Total number of variables            66

     Maximum number of Fock   iterations      0
     Maximum number of DIIS   iterations     60
     Maximum number of QC-SCF iterations     15
     Threshold for SCF convergence     1.00E-06


 >>>>> DIIS optimization of Hartree-Fock <<<<<

 C1-DIIS algorithm; max error vectors =   10

 Iter      Total energy        Error norm    Delta(E)  DIIS dim.
 ---------------------------------------------------------------
 Radial Quadrature : LMG scheme
 Space partitioning: Original Becke partitioning
 Radial integration threshold: 1e-13
 Atom:    1*1 points=18852 compressed from 18852 (114 radial)
 Atom:    2*1 points=16111 compressed from 16146 ( 81 radial)
 Atom:    3*1 points=16111 compressed from 16146 ( 81 radial)
 Number of grid points:    51074 Grid generation time:       0.1 s
K-S electrons/energy :   10.00000260469063   -7.57462685814846 err:0.26E-05
    1      -76.359685463978    2.54929E-01   -1.76E-02    1
K-S electrons/energy :   10.00000266964972   -7.50395665931488 err:0.27E-05
    2      -76.361948872102    2.36165E-01   -2.26E-03    2
K-S electrons/energy :   10.00000265928548   -7.55155924788307 err:0.27E-05
    3      -76.364249557720    5.63677E-02   -2.30E-03    3
K-S electrons/energy :   10.00000266468028   -7.54236824964735 err:0.27E-05
    4      -76.364395662126    4.40788E-03   -1.46E-04    4
K-S electrons/energy :   10.00000266314764   -7.54262586792447 err:0.27E-05
    5      -76.364396588173    3.33961E-04   -9.26E-07    5
K-S electrons/energy :   10.00000266323917   -7.54265505984944 err:0.27E-05
    6      -76.364396595398    2.58583E-05   -7.22E-09    6
K-S electrons/energy :   10.00000266323767   -7.54265851632400 err:0.27E-05
    7      -76.364396595450    1.50930E-06   -5.28E-11    7
K-S electrons/energy :   10.00000266323798   -7.54265867355826 err:0.27E-05
    8      -76.364396595451    9.25383E-08   -2.29E-13    8
 DIIS converged in   8 iterations !


 *** RHF orbital energy analysis ***

 Only the five lowest virtual orbital energies printed in each symmetry.

 Number of electrons :   10
 Orbital occupations :    5

 Hartree-Fock orbital energies, symmetry 1

       -19.11347093    -0.99117767    -0.54503899    -0.34002179    -0.28361850
         0.07520925     0.16311349     0.82225124     0.85599660     0.89843479

    E(LUMO) :     0.07520925 au (symmetry 1)
  - E(HOMO) :    -0.28361850 au (symmetry 1)
  ------------------------------------------
    gap     :     0.35882774 au

 >>> Writing SIRIFC interface file <<<


                    >>> FINAL RESULTS FROM SIRIUS <<<

     Spin multiplicity:           1
     Spatial symmetry:            1
     Total charge of molecule:    0

     Final DFT energy:            -76.364396595451
     Nuclear repulsion:             9.284166304630
     Electronic energy:           -85.648562900080

     Final gradient norm:           0.000000092538

 
     Date and time (Linux)  : Thu Mar  3 22:08:36 2005
     Host name              : pi.biotech.kth.se                       



 >>>> Total CPU  time used in SIRIUS :      8.12 seconds
 >>>> Total wall time used in SIRIUS :      9.00 seconds

 
     Date and time (Linux)  : Thu Mar  3 22:08:36 2005
     Host name              : pi.biotech.kth.se                       

- End of Wave Function Section

 Trust radius increased due to good ratio.
 Updated trust radius   0.50000
                                   
     Order of the analytical energy-derivative available:   2
     This will be the default.
                                   

Starting in Static Property Section -


 
     Date and time (Linux)  : Thu Mar  3 22:08:36 2005
     Host name              : pi.biotech.kth.se                       
 Radial Quadrature : LMG scheme
 Space partitioning: Original Becke partitioning
 Radial integration threshold: 1e-13
 Atom:    1*1 points=18852 compressed from 18852 (114 radial)
 Atom:    2*1 points=16111 compressed from 16146 ( 81 radial)
 Atom:    3*1 points=16111 compressed from 16146 ( 81 radial)
 Number of grid points:    51074 Grid generation time:       0.1 s


        +---------------------------------------------------------+
        ! Gradient elements calculated directly and from symmetry !
        +---------------------------------------------------------+



        Coordinate    Direct calc.     Tra.-rot. sym.   Difference  
        ------------------------------------------------------------

        O    x        0.0000000000     0.0000000000     0.0000000000
        O    y        0.0000000000     0.0000000000     0.0000000000
        O    z        0.0519631990     0.0519702974    -0.0000070985
        H1   x       -0.0042631142    -0.0042631142     0.0000000000
        H1   y        0.0000000000     0.0000000000     0.0000000000
        H2   y        0.0000000000     0.0000000000     0.0000000000



 >>> WARNING from TRAROT:

 Largest deviation from tra-rot symmetry is in gradient element  3:  7.10E-06

 
     Date and time (Linux)  : Thu Mar  3 22:08:37 2005
     Host name              : pi.biotech.kth.se                       

 WARNING: warnings have been issued, please check the output above !



 CPU time statistics for ABACUS
 ------------------------------

 ONEINT     00:00:02      98 %

 TOTAL      00:00:02     100 %



 >>>> Total CPU  time used in ABACUS:   1.77 seconds
 >>>> Total wall time used in ABACUS:   1.00 seconds

- End of Static Property Section



       :::::::::::::::::::::::::::::::::::::::::::::::::::::::::::
       ::::::::::::::: Optimization Control Center :::::::::::::::
       :::::::::::::::::::::::::::::::::::::::::::::::::::::::::::



                            Next geometry (au)
                            ------------------

 O          0.0000000000            0.0000000000           -0.1285587551
 H1         1.5227817911            0.0000000000            0.8642793775
 H2        -1.5227817911            0.0000000000            0.8642793775





                         Optimization information
                         ------------------------

 Iteration number               :       1
 End of optimization            :       F 
 Energy at this geometry is     :     -76.364397
 Energy change from last geom.  :      -0.022350
 Norm of gradient               :       0.063929
 Norm of step                   :       0.089666
 Updated trust radius           :       0.500000
 Total Hessian index            :       0



Starting in Integral Section -



 *************************************************************************
 ****************** Output from HERMIT input processing ******************
 *************************************************************************


 >>> Time used in ONEDRV is   0.00 seconds


 Number of two-electron integrals written:        6023 ( 41.0% )
 Megabytes written:                              0.076



 >>> Time used in TWOINT is   0.02 seconds

 >>>> Total CPU  time used in HERMIT:   0.02 seconds
 >>>> Total wall time used in HERMIT:   0.00 seconds

- End of Integral Section


Starting in Wave Function Section -

 **********************************************************************
 *SIRIUS* a direct, restricted step, second order MCSCF program       *
 **********************************************************************

 
     Date and time (Linux)  : Thu Mar  3 22:08:37 2005
     Host name              : pi.biotech.kth.se                       

 Title lines from integral program:
     H2O                                                                     
     No symmetry                                                             

 Print level on unit LUPRI =   2 is   0
 Print level on unit LUW4  =   2 is   3

     Restricted, closed shell Kohn-Sham calculation.


 Initial molecular orbitals are obtained according to
 ".MOSTART NEWORB" input option.

     Wave function specification
     ============================
     Number of closed shell electrons         10
     Number of electrons in active shells      0
     Total charge of the molecule              0

     Number of active orbitals                 0
     Total number of orbitals                 18

     Spin multiplicity                         1
     Total number of symmetries                1
     Reference state symmetry                  1
 
     This is a DFT calculation of type: B3LYP
 Weighted mixed functional:
               HF exchange:    0.20000
                       VWN:    0.19000
                       LYP:    0.81000
                     Becke:    0.72000
                    Slater:    0.80000

     Orbital specifications
     ======================
     Abelian symmetry species           1
                                       --
     Occupied SCF orbitals              5
     Secondary orbitals                13
     Total number of orbitals          18
     Number of basis functions         18

     Optimization information
     ========================
     Number of configurations              1
     Number of orbital rotations          65
     ---------------------------------------
     Total number of variables            66

     Maximum number of Fock   iterations      0
     Maximum number of DIIS   iterations     60
     Maximum number of QC-SCF iterations     15
     Threshold for SCF convergence     1.00E-06


 >>>>> DIIS optimization of Hartree-Fock <<<<<

 C1-DIIS algorithm; max error vectors =   10

 Iter      Total energy        Error norm    Delta(E)  DIIS dim.
 ---------------------------------------------------------------
 Radial Quadrature : LMG scheme
 Space partitioning: Original Becke partitioning
 Radial integration threshold: 1e-13
 Atom:    1*1 points=18852 compressed from 18852 (114 radial)
 Atom:    2*1 points=16122 compressed from 16146 ( 81 radial)
 Atom:    3*1 points=16122 compressed from 16146 ( 81 radial)
 Number of grid points:    51096 Grid generation time:       0.1 s
K-S electrons/energy :   10.00000262927505   -7.53575233815567 err:0.26E-05
    1      -76.366957380762    7.13966E-02   -2.56E-03    1
K-S electrons/energy :   10.00000262399430   -7.52178665774351 err:0.26E-05
    2      -76.367320224679    5.08339E-02   -3.63E-04    2
K-S electrons/energy :   10.00000262133286   -7.53402978848283 err:0.26E-05
    3      -76.367406280574    2.47566E-02   -8.61E-05    3
K-S electrons/energy :   10.00000262091523   -7.52994752952647 err:0.26E-05
    4      -76.367434509677    3.25816E-04   -2.82E-05    4
K-S electrons/energy :   10.00000262097810   -7.52998296522232 err:0.26E-05
    5      -76.367434517928    5.74633E-05   -8.25E-09    5
K-S electrons/energy :   10.00000262096078   -7.52998483036525 err:0.26E-05
    6      -76.367434518109    9.28696E-06   -1.81E-10    6
K-S electrons/energy :   10.00000262096287   -7.52998596642145 err:0.26E-05
    7      -76.367434518114    1.78447E-07   -5.28E-12    7
 DIIS converged in   7 iterations !


 *** RHF orbital energy analysis ***

 Only the five lowest virtual orbital energies printed in each symmetry.

 Number of electrons :   10
 Orbital occupations :    5

 Hartree-Fock orbital energies, symmetry 1

       -19.11904519    -0.98761296    -0.53158104    -0.34743077    -0.28374549
         0.07052809     0.15681091     0.82299716     0.83008345     0.89757342

    E(LUMO) :     0.07052809 au (symmetry 1)
  - E(HOMO) :    -0.28374549 au (symmetry 1)
  ------------------------------------------
    gap     :     0.35427359 au

 >>> Writing SIRIFC interface file <<<


                    >>> FINAL RESULTS FROM SIRIUS <<<

     Spin multiplicity:           1
     Spatial symmetry:            1
     Total charge of molecule:    0

     Final DFT energy:            -76.367434518114
     Nuclear repulsion:             9.129935010107
     Electronic energy:           -85.497369528221

     Final gradient norm:           0.000000178447

 
     Date and time (Linux)  : Thu Mar  3 22:08:45 2005
     Host name              : pi.biotech.kth.se                       



 >>>> Total CPU  time used in SIRIUS :      7.12 seconds
 >>>> Total wall time used in SIRIUS :      8.00 seconds

 
     Date and time (Linux)  : Thu Mar  3 22:08:45 2005
     Host name              : pi.biotech.kth.se                       

- End of Wave Function Section

 Trust radius increased due to good ratio.
 Updated trust radius   0.50000
                                   
     Order of the analytical energy-derivative available:   2
     This will be the default.
                                   

Starting in Static Property Section -


 
     Date and time (Linux)  : Thu Mar  3 22:08:45 2005
     Host name              : pi.biotech.kth.se                       
 Radial Quadrature : LMG scheme
 Space partitioning: Original Becke partitioning
 Radial integration threshold: 1e-13
 Atom:    1*1 points=18852 compressed from 18852 (114 radial)
 Atom:    2*1 points=16122 compressed from 16146 ( 81 radial)
 Atom:    3*1 points=16122 compressed from 16146 ( 81 radial)
 Number of grid points:    51096 Grid generation time:       0.1 s


        +---------------------------------------------------------+
        ! Gradient elements calculated directly and from symmetry !
        +---------------------------------------------------------+



        Coordinate    Direct calc.     Tra.-rot. sym.   Difference  
        ------------------------------------------------------------

        O    x        0.0000000000     0.0000000000     0.0000000000
        O    y        0.0000000000     0.0000000000     0.0000000000
        O    z        0.0267896023     0.0268058575    -0.0000162553
        H1   x        0.0068564217     0.0068564217     0.0000000000
        H1   y        0.0000000000     0.0000000000     0.0000000000
        H2   y        0.0000000000     0.0000000000     0.0000000000



 >>> WARNING from TRAROT:

 Largest deviation from tra-rot symmetry is in gradient element  3:  1.63E-05

 
     Date and time (Linux)  : Thu Mar  3 22:08:46 2005
     Host name              : pi.biotech.kth.se                       

 WARNING: warnings have been issued, please check the output above !



 CPU time statistics for ABACUS
 ------------------------------

 ONEINT     00:00:02      98 %

 TOTAL      00:00:02     100 %



 >>>> Total CPU  time used in ABACUS:   1.78 seconds
 >>>> Total wall time used in ABACUS:   1.00 seconds

- End of Static Property Section



       :::::::::::::::::::::::::::::::::::::::::::::::::::::::::::
       ::::::::::::::: Optimization Control Center :::::::::::::::
       :::::::::::::::::::::::::::::::::::::::::::::::::::::::::::



                            Next geometry (au)
                            ------------------

 O          0.0000000000            0.0000000000           -0.2126955420
 H1         1.4714995020            0.0000000000            0.9063477710
 H2        -1.4714995020            0.0000000000            0.9063477710





                         Optimization information
                         ------------------------

 Iteration number               :       2
 End of optimization            :       F 
 Energy at this geometry is     :     -76.367435
 Energy change from last geom.  :      -0.003038
 Norm of gradient               :       0.034220
 Norm of step                   :       0.151216
 Updated trust radius           :       0.500000
 Total Hessian index            :       0



Starting in Integral Section -



 *************************************************************************
 ****************** Output from HERMIT input processing ******************
 *************************************************************************


 >>> Time used in ONEDRV is   0.00 seconds


 Number of two-electron integrals written:        6023 ( 41.0% )
 Megabytes written:                              0.076



 >>> Time used in TWOINT is   0.02 seconds

 >>>> Total CPU  time used in HERMIT:   0.02 seconds
 >>>> Total wall time used in HERMIT:   0.00 seconds

- End of Integral Section


Starting in Wave Function Section -

 **********************************************************************
 *SIRIUS* a direct, restricted step, second order MCSCF program       *
 **********************************************************************

 
     Date and time (Linux)  : Thu Mar  3 22:08:46 2005
     Host name              : pi.biotech.kth.se                       

 Title lines from integral program:
     H2O                                                                     
     No symmetry                                                             

 Print level on unit LUPRI =   2 is   0
 Print level on unit LUW4  =   2 is   3

     Restricted, closed shell Kohn-Sham calculation.


 Initial molecular orbitals are obtained according to
 ".MOSTART NEWORB" input option.

     Wave function specification
     ============================
     Number of closed shell electrons         10
     Number of electrons in active shells      0
     Total charge of the molecule              0

     Number of active orbitals                 0
     Total number of orbitals                 18

     Spin multiplicity                         1
     Total number of symmetries                1
     Reference state symmetry                  1
 
     This is a DFT calculation of type: B3LYP
 Weighted mixed functional:
               HF exchange:    0.20000
                       VWN:    0.19000
                       LYP:    0.81000
                     Becke:    0.72000
                    Slater:    0.80000

     Orbital specifications
     ======================
     Abelian symmetry species           1
                                       --
     Occupied SCF orbitals              5
     Secondary orbitals                13
     Total number of orbitals          18
     Number of basis functions         18

     Optimization information
     ========================
     Number of configurations              1
     Number of orbital rotations          65
     ---------------------------------------
     Total number of variables            66

     Maximum number of Fock   iterations      0
     Maximum number of DIIS   iterations     60
     Maximum number of QC-SCF iterations     15
     Threshold for SCF convergence     1.00E-06


 >>>>> DIIS optimization of Hartree-Fock <<<<<

 C1-DIIS algorithm; max error vectors =   10

 Iter      Total energy        Error norm    Delta(E)  DIIS dim.
 ---------------------------------------------------------------
 Radial Quadrature : LMG scheme
 Space partitioning: Original Becke partitioning
 Radial integration threshold: 1e-13
 Atom:    1*1 points=18852 compressed from 18852 (114 radial)
 Atom:    2*1 points=16138 compressed from 16146 ( 81 radial)
 Atom:    3*1 points=16138 compressed from 16146 ( 81 radial)
 Number of grid points:    51128 Grid generation time:       0.1 s
K-S electrons/energy :   10.00000192169998   -7.52347995715987 err:0.19E-05
    1      -76.368634884367    1.05157E-01   -1.20E-03    1
K-S electrons/energy :   10.00000192106081   -7.50868862997880 err:0.19E-05
    2      -76.369482217537    5.87289E-02   -8.47E-04    2
K-S electrons/energy :   10.00000191676842   -7.52490685230158 err:0.19E-05
    3      -76.369552047260    4.33838E-02   -6.98E-05    3
K-S electrons/energy :   10.00000191706826   -7.51770411673142 err:0.19E-05
    4      -76.369637888568    1.38259E-03   -8.58E-05    4
K-S electrons/energy :   10.00000191735986   -7.51783705849480 err:0.19E-05
    5      -76.369637983777    1.28950E-04   -9.52E-08    5
K-S electrons/energy :   10.00000191734285   -7.51783793578522 err:0.19E-05
    6      -76.369637985018    1.37552E-05   -1.24E-09    6
K-S electrons/energy :   10.00000191734320   -7.51783991926350 err:0.19E-05
    7      -76.369637985031    4.45432E-07   -1.23E-11    7
 DIIS converged in   7 iterations !


 *** RHF orbital energy analysis ***

 Only the five lowest virtual orbital energies printed in each symmetry.

 Number of electrons :   10
 Orbital occupations :    5

 Hartree-Fock orbital energies, symmetry 1

       -19.12682412    -0.98769763    -0.51236426    -0.36299783    -0.28542665
         0.06579028     0.14898246     0.77908498     0.84960418     0.89562689

    E(LUMO) :     0.06579028 au (symmetry 1)
  - E(HOMO) :    -0.28542665 au (symmetry 1)
  ------------------------------------------
    gap     :     0.35121693 au

 >>> Writing SIRIFC interface file <<<


                    >>> FINAL RESULTS FROM SIRIUS <<<

     Spin multiplicity:           1
     Spatial symmetry:            1
     Total charge of molecule:    0

     Final DFT energy:            -76.369637985031
     Nuclear repulsion:             8.994675500168
     Electronic energy:           -85.364313485199

     Final gradient norm:           0.000000445432

 
     Date and time (Linux)  : Thu Mar  3 22:08:53 2005
     Host name              : pi.biotech.kth.se                       



 >>>> Total CPU  time used in SIRIUS :      7.16 seconds
 >>>> Total wall time used in SIRIUS :      7.00 seconds

 
     Date and time (Linux)  : Thu Mar  3 22:08:53 2005
     Host name              : pi.biotech.kth.se                       

- End of Wave Function Section

 Trust radius increased due to good ratio.
 Updated trust radius   0.50000
                                   
     Order of the analytical energy-derivative available:   2
     This will be the default.
                                   

Starting in Static Property Section -


 
     Date and time (Linux)  : Thu Mar  3 22:08:53 2005
     Host name              : pi.biotech.kth.se                       
 Radial Quadrature : LMG scheme
 Space partitioning: Original Becke partitioning
 Radial integration threshold: 1e-13
 Atom:    1*1 points=18852 compressed from 18852 (114 radial)
 Atom:    2*1 points=16138 compressed from 16146 ( 81 radial)
 Atom:    3*1 points=16138 compressed from 16146 ( 81 radial)
 Number of grid points:    51128 Grid generation time:       0.1 s


        +---------------------------------------------------------+
        ! Gradient elements calculated directly and from symmetry !
        +---------------------------------------------------------+



        Coordinate    Direct calc.     Tra.-rot. sym.   Difference  
        ------------------------------------------------------------

        O    x        0.0000000000     0.0000000000     0.0000000000
        O    y        0.0000000000     0.0000000000     0.0000000000
        O    z       -0.0062745880    -0.0062587843    -0.0000158037
        H1   x        0.0095596893     0.0095596893     0.0000000000
        H1   y        0.0000000000     0.0000000000     0.0000000000
        H2   y        0.0000000000     0.0000000000     0.0000000000



 >>> WARNING from TRAROT:

 Largest deviation from tra-rot symmetry is in gradient element  3:  1.58E-05

 
     Date and time (Linux)  : Thu Mar  3 22:08:55 2005
     Host name              : pi.biotech.kth.se                       

 WARNING: warnings have been issued, please check the output above !



 CPU time statistics for ABACUS
 ------------------------------

 ONEINT     00:00:02      98 %

 TOTAL      00:00:02     100 %



 >>>> Total CPU  time used in ABACUS:   1.77 seconds
 >>>> Total wall time used in ABACUS:   2.00 seconds

- End of Static Property Section



       :::::::::::::::::::::::::::::::::::::::::::::::::::::::::::
       ::::::::::::::: Optimization Control Center :::::::::::::::
       :::::::::::::::::::::::::::::::::::::::::::::::::::::::::::



                            Next geometry (au)
                            ------------------

 O          0.0000000000            0.0000000000           -0.2201913831
 H1         1.4547310115            0.0000000000            0.9100956916
 H2        -1.4547310115            0.0000000000            0.9100956916





                         Optimization information
                         ------------------------

 Iteration number               :       3
 End of optimization            :       F 
 Energy at this geometry is     :     -76.369638
 Energy change from last geom.  :      -0.002203
 Norm of gradient               :       0.015548
 Norm of step                   :       0.022648
 Updated trust radius           :       0.500000
 Total Hessian index            :       0



Starting in Integral Section -



 *************************************************************************
 ****************** Output from HERMIT input processing ******************
 *************************************************************************


 >>> Time used in ONEDRV is   0.00 seconds


 Number of two-electron integrals written:        6023 ( 41.0% )
 Megabytes written:                              0.076



 >>> Time used in TWOINT is   0.02 seconds

 >>>> Total CPU  time used in HERMIT:   0.02 seconds
 >>>> Total wall time used in HERMIT:   0.00 seconds

- End of Integral Section


Starting in Wave Function Section -

 **********************************************************************
 *SIRIUS* a direct, restricted step, second order MCSCF program       *
 **********************************************************************

 
     Date and time (Linux)  : Thu Mar  3 22:08:55 2005
     Host name              : pi.biotech.kth.se                       

 Title lines from integral program:
     H2O                                                                     
     No symmetry                                                             

 Print level on unit LUPRI =   2 is   0
 Print level on unit LUW4  =   2 is   3

     Restricted, closed shell Kohn-Sham calculation.


 Initial molecular orbitals are obtained according to
 ".MOSTART NEWORB" input option.

     Wave function specification
     ============================
     Number of closed shell electrons         10
     Number of electrons in active shells      0
     Total charge of the molecule              0

     Number of active orbitals                 0
     Total number of orbitals                 18

     Spin multiplicity                         1
     Total number of symmetries                1
     Reference state symmetry                  1
 
     This is a DFT calculation of type: B3LYP
 Weighted mixed functional:
               HF exchange:    0.20000
                       VWN:    0.19000
                       LYP:    0.81000
                     Becke:    0.72000
                    Slater:    0.80000

     Orbital specifications
     ======================
     Abelian symmetry species           1
                                       --
     Occupied SCF orbitals              5
     Secondary orbitals                13
     Total number of orbitals          18
     Number of basis functions         18

     Optimization information
     ========================
     Number of configurations              1
     Number of orbital rotations          65
     ---------------------------------------
     Total number of variables            66

     Maximum number of Fock   iterations      0
     Maximum number of DIIS   iterations     60
     Maximum number of QC-SCF iterations     15
     Threshold for SCF convergence     1.00E-06


 >>>>> DIIS optimization of Hartree-Fock <<<<<

 C1-DIIS algorithm; max error vectors =   10

 Iter      Total energy        Error norm    Delta(E)  DIIS dim.
 ---------------------------------------------------------------
 Radial Quadrature : LMG scheme
 Space partitioning: Original Becke partitioning
 Radial integration threshold: 1e-13
 Atom:    1*1 points=18852 compressed from 18852 (114 radial)
 Atom:    2*1 points=16138 compressed from 16146 ( 81 radial)
 Atom:    3*1 points=16138 compressed from 16146 ( 81 radial)
 Number of grid points:    51128 Grid generation time:       0.1 s
K-S electrons/energy :   10.00000210352611   -7.51911658940266 err:0.21E-05
    1      -76.369805376637    1.69961E-02   -1.67E-04    1
K-S electrons/energy :   10.00000210184286   -7.52150533924010 err:0.21E-05
    2      -76.369819500863    7.50263E-03   -1.41E-05    2
K-S electrons/energy :   10.00000210120658   -7.51940148761715 err:0.21E-05
    3      -76.369820655461    5.59904E-03   -1.15E-06    3
K-S electrons/energy :   10.00000210105294   -7.52036514453866 err:0.21E-05
    4      -76.369822048883    5.48479E-04   -1.39E-06    4
K-S electrons/energy :   10.00000210113201   -7.52030923720330 err:0.21E-05
    5      -76.369822062900    4.59031E-06   -1.40E-08    5
K-S electrons/energy :   10.00000210113160   -7.52030969624418 err:0.21E-05
    6      -76.369822062902    3.96205E-07   -1.72E-12    6
 DIIS converged in   6 iterations !


 *** RHF orbital energy analysis ***

 Only the five lowest virtual orbital energies printed in each symmetry.

 Number of electrons :   10
 Orbital occupations :    5

 Hartree-Fock orbital energies, symmetry 1

       -19.12689400    -0.99015382    -0.51167965    -0.36565425    -0.28607976
         0.06665799     0.14987036     0.77610903     0.85693643     0.89530456

    E(LUMO) :     0.06665799 au (symmetry 1)
  - E(HOMO) :    -0.28607976 au (symmetry 1)
  ------------------------------------------
    gap     :     0.35273775 au

 >>> Writing SIRIFC interface file <<<


                    >>> FINAL RESULTS FROM SIRIUS <<<

     Spin multiplicity:           1
     Spatial symmetry:            1
     Total charge of molecule:    0

     Final DFT energy:            -76.369822062902
     Nuclear repulsion:             9.028858160848
     Electronic energy:           -85.398680223750

     Final gradient norm:           0.000000396205

 
     Date and time (Linux)  : Thu Mar  3 22:09:01 2005
     Host name              : pi.biotech.kth.se                       



 >>>> Total CPU  time used in SIRIUS :      6.13 seconds
 >>>> Total wall time used in SIRIUS :      6.00 seconds

 
     Date and time (Linux)  : Thu Mar  3 22:09:01 2005
     Host name              : pi.biotech.kth.se                       

- End of Wave Function Section

 Trust radius increased due to good ratio.
 Updated trust radius   0.50000
                                   
     Order of the analytical energy-derivative available:   2
     This will be the default.
                                   

Starting in Static Property Section -


 
     Date and time (Linux)  : Thu Mar  3 22:09:01 2005
     Host name              : pi.biotech.kth.se                       
 Radial Quadrature : LMG scheme
 Space partitioning: Original Becke partitioning
 Radial integration threshold: 1e-13
 Atom:    1*1 points=18852 compressed from 18852 (114 radial)
 Atom:    2*1 points=16138 compressed from 16146 ( 81 radial)
 Atom:    3*1 points=16138 compressed from 16146 ( 81 radial)
 Number of grid points:    51128 Grid generation time:       0.1 s


        +---------------------------------------------------------+
        ! Gradient elements calculated directly and from symmetry !
        +---------------------------------------------------------+



        Coordinate    Direct calc.     Tra.-rot. sym.   Difference  
        ------------------------------------------------------------

        O    x        0.0000000000     0.0000000000     0.0000000000
        O    y        0.0000000000     0.0000000000     0.0000000000
        O    z       -0.0053259106    -0.0053096241    -0.0000162865
        H1   x        0.0052772523     0.0052772523     0.0000000000
        H1   y        0.0000000000     0.0000000000     0.0000000000
        H2   y        0.0000000000     0.0000000000     0.0000000000



 >>> WARNING from TRAROT:

 Largest deviation from tra-rot symmetry is in gradient element  3:  1.63E-05

 
     Date and time (Linux)  : Thu Mar  3 22:09:03 2005
     Host name              : pi.biotech.kth.se                       

 WARNING: warnings have been issued, please check the output above !



 CPU time statistics for ABACUS
 ------------------------------

 ONEINT     00:00:02      98 %

 TOTAL      00:00:02     100 %



 >>>> Total CPU  time used in ABACUS:   1.77 seconds
 >>>> Total wall time used in ABACUS:   2.00 seconds

- End of Static Property Section



       :::::::::::::::::::::::::::::::::::::::::::::::::::::::::::
       ::::::::::::::: Optimization Control Center :::::::::::::::
       :::::::::::::::::::::::::::::::::::::::::::::::::::::::::::



                            Next geometry (au)
                            ------------------

 O          0.0000000000            0.0000000000           -0.2199998804
 H1         1.4408991124            0.0000000000            0.9099999402
 H2        -1.4408991124            0.0000000000            0.9099999402





                         Optimization information
                         ------------------------

 Iteration number               :       4
 End of optimization            :       F 
 Energy at this geometry is     :     -76.369822
 Energy change from last geom.  :      -0.000184
 Norm of gradient               :       0.009908
 Norm of step                   :       0.018081
 Updated trust radius           :       0.500000
 Total Hessian index            :       0



Starting in Integral Section -



 *************************************************************************
 ****************** Output from HERMIT input processing ******************
 *************************************************************************


 >>> Time used in ONEDRV is   0.00 seconds


 Number of two-electron integrals written:        6023 ( 41.0% )
 Megabytes written:                              0.076



 >>> Time used in TWOINT is   0.02 seconds

 >>>> Total CPU  time used in HERMIT:   0.02 seconds
 >>>> Total wall time used in HERMIT:   0.00 seconds

- End of Integral Section


Starting in Wave Function Section -

 **********************************************************************
 *SIRIUS* a direct, restricted step, second order MCSCF program       *
 **********************************************************************

 
     Date and time (Linux)  : Thu Mar  3 22:09:03 2005
     Host name              : pi.biotech.kth.se                       

 Title lines from integral program:
     H2O                                                                     
     No symmetry                                                             

 Print level on unit LUPRI =   2 is   0
 Print level on unit LUW4  =   2 is   3

     Restricted, closed shell Kohn-Sham calculation.


 Initial molecular orbitals are obtained according to
 ".MOSTART NEWORB" input option.

     Wave function specification
     ============================
     Number of closed shell electrons         10
     Number of electrons in active shells      0
     Total charge of the molecule              0

     Number of active orbitals                 0
     Total number of orbitals                 18

     Spin multiplicity                         1
     Total number of symmetries                1
     Reference state symmetry                  1
 
     This is a DFT calculation of type: B3LYP
 Weighted mixed functional:
               HF exchange:    0.20000
                       VWN:    0.19000
                       LYP:    0.81000
                     Becke:    0.72000
                    Slater:    0.80000

     Orbital specifications
     ======================
     Abelian symmetry species           1
                                       --
     Occupied SCF orbitals              5
     Secondary orbitals                13
     Total number of orbitals          18
     Number of basis functions         18

     Optimization information
     ========================
     Number of configurations              1
     Number of orbital rotations          65
     ---------------------------------------
     Total number of variables            66

     Maximum number of Fock   iterations      0
     Maximum number of DIIS   iterations     60
     Maximum number of QC-SCF iterations     15
     Threshold for SCF convergence     1.00E-06


 >>>>> DIIS optimization of Hartree-Fock <<<<<

 C1-DIIS algorithm; max error vectors =   10

 Iter      Total energy        Error norm    Delta(E)  DIIS dim.
 ---------------------------------------------------------------
 Radial Quadrature : LMG scheme
 Space partitioning: Original Becke partitioning
 Radial integration threshold: 1e-13
 Atom:    1*1 points=18852 compressed from 18852 (114 radial)
 Atom:    2*1 points=16139 compressed from 16146 ( 81 radial)
 Atom:    3*1 points=16139 compressed from 16146 ( 81 radial)
 Number of grid points:    51130 Grid generation time:       0.1 s
K-S electrons/energy :   10.00000238413347   -7.52255527786910 err:0.24E-05
    1      -76.369875977425    1.81863E-02   -5.39E-05    1
K-S electrons/energy :   10.00000238205189   -7.52708328123112 err:0.24E-05
    2      -76.369886458430    1.48876E-02   -1.05E-05    2
K-S electrons/energy :   10.00000238152835   -7.52381644720336 err:0.24E-05
    3      -76.369895035098    5.27678E-03   -8.58E-06    3
K-S electrons/energy :   10.00000238124140   -7.52468412093025 err:0.24E-05
    4      -76.369896297644    5.08599E-04   -1.26E-06    4
K-S electrons/energy :   10.00000238132126   -7.52463973705058 err:0.24E-05
    5      -76.369896309759    9.87099E-06   -1.21E-08    5
K-S electrons/energy :   10.00000238131969   -7.52463921206193 err:0.24E-05
    6      -76.369896309771    1.21371E-06   -1.18E-11    6
K-S electrons/energy :   10.00000238131972   -7.52463904579626 err:0.24E-05
    7      -76.369896309771    3.85222E-08   -1.42E-14    7
 DIIS converged in   7 iterations !


 *** RHF orbital energy analysis ***

 Only the five lowest virtual orbital energies printed in each symmetry.

 Number of electrons :   10
 Orbital occupations :    5

 Hartree-Fock orbital energies, symmetry 1

       -19.12613579    -0.99311447    -0.51300194    -0.36711113    -0.28668035
         0.06825318     0.15183369     0.77675094     0.86442318     0.89513473

    E(LUMO) :     0.06825318 au (symmetry 1)
  - E(HOMO) :    -0.28668035 au (symmetry 1)
  ------------------------------------------
    gap     :     0.35493353 au

 >>> Writing SIRIFC interface file <<<


                    >>> FINAL RESULTS FROM SIRIUS <<<

     Spin multiplicity:           1
     Spatial symmetry:            1
     Total charge of molecule:    0

     Final DFT energy:            -76.369896309771
     Nuclear repulsion:             9.084710744239
     Electronic energy:           -85.454607054010

     Final gradient norm:           0.000000038522

 
     Date and time (Linux)  : Thu Mar  3 22:09:10 2005
     Host name              : pi.biotech.kth.se                       



 >>>> Total CPU  time used in SIRIUS :      7.12 seconds
 >>>> Total wall time used in SIRIUS :      7.00 seconds

 
     Date and time (Linux)  : Thu Mar  3 22:09:10 2005
     Host name              : pi.biotech.kth.se                       

- End of Wave Function Section

 Trust radius squarely increased due to very good ratio.
 Updated trust radius   0.50000
                                   
     Order of the analytical energy-derivative available:   2
     This will be the default.
                                   

Starting in Static Property Section -


 
     Date and time (Linux)  : Thu Mar  3 22:09:10 2005
     Host name              : pi.biotech.kth.se                       
 Radial Quadrature : LMG scheme
 Space partitioning: Original Becke partitioning
 Radial integration threshold: 1e-13
 Atom:    1*1 points=18852 compressed from 18852 (114 radial)
 Atom:    2*1 points=16139 compressed from 16146 ( 81 radial)
 Atom:    3*1 points=16139 compressed from 16146 ( 81 radial)
 Number of grid points:    51130 Grid generation time:       0.1 s


        +---------------------------------------------------------+
        ! Gradient elements calculated directly and from symmetry !
        +---------------------------------------------------------+



        Coordinate    Direct calc.     Tra.-rot. sym.   Difference  
        ------------------------------------------------------------

        O    x        0.0000000000     0.0000000000     0.0000000000
        O    y        0.0000000000     0.0000000000     0.0000000000
        O    z       -0.0002246643    -0.0002072101    -0.0000174543
        H1   x       -0.0000275719    -0.0000275719     0.0000000000
        H1   y        0.0000000000     0.0000000000     0.0000000000
        H2   y        0.0000000000     0.0000000000     0.0000000000



 >>> WARNING from TRAROT:

 Largest deviation from tra-rot symmetry is in gradient element  3:  1.75E-05

 
     Date and time (Linux)  : Thu Mar  3 22:09:12 2005
     Host name              : pi.biotech.kth.se                       

 WARNING: warnings have been issued, please check the output above !



 CPU time statistics for ABACUS
 ------------------------------

 ONEINT     00:00:02      98 %

 TOTAL      00:00:02     100 %



 >>>> Total CPU  time used in ABACUS:   1.78 seconds
 >>>> Total wall time used in ABACUS:   2.00 seconds

- End of Static Property Section



       :::::::::::::::::::::::::::::::::::::::::::::::::::::::::::
       ::::::::::::::: Optimization Control Center :::::::::::::::
       :::::::::::::::::::::::::::::::::::::::::::::::::::::::::::



                            Next geometry (au)
                            ------------------

 O          0.0000000000            0.0000000000           -0.2194230519
 H1         1.4413837110            0.0000000000            0.9097115259
 H2        -1.4413837110            0.0000000000            0.9097115259





                         Optimization information
                         ------------------------

 Iteration number               :       5
 End of optimization            :       F 
 Energy at this geometry is     :     -76.369896
 Energy change from last geom.  :      -0.000074
 Norm of gradient               :       0.000271
 Norm of step                   :       0.001092
 Updated trust radius           :       0.500000
 Total Hessian index            :       0



Starting in Integral Section -



 *************************************************************************
 ****************** Output from HERMIT input processing ******************
 *************************************************************************


 >>> Time used in ONEDRV is   0.00 seconds


 Number of two-electron integrals written:        6023 ( 41.0% )
 Megabytes written:                              0.076



 >>> Time used in TWOINT is   0.02 seconds

 >>>> Total CPU  time used in HERMIT:   0.02 seconds
 >>>> Total wall time used in HERMIT:   0.00 seconds

- End of Integral Section


Starting in Wave Function Section -

 **********************************************************************
 *SIRIUS* a direct, restricted step, second order MCSCF program       *
 **********************************************************************

 
     Date and time (Linux)  : Thu Mar  3 22:09:12 2005
     Host name              : pi.biotech.kth.se                       

 Title lines from integral program:
     H2O                                                                     
     No symmetry                                                             

 Print level on unit LUPRI =   2 is   0
 Print level on unit LUW4  =   2 is   3

     Restricted, closed shell Kohn-Sham calculation.


 Initial molecular orbitals are obtained according to
 ".MOSTART NEWORB" input option.

     Wave function specification
     ============================
     Number of closed shell electrons         10
     Number of electrons in active shells      0
     Total charge of the molecule              0

     Number of active orbitals                 0
     Total number of orbitals                 18

     Spin multiplicity                         1
     Total number of symmetries                1
     Reference state symmetry                  1
 
     This is a DFT calculation of type: B3LYP
 Weighted mixed functional:
               HF exchange:    0.20000
                       VWN:    0.19000
                       LYP:    0.81000
                     Becke:    0.72000
                    Slater:    0.80000

     Orbital specifications
     ======================
     Abelian symmetry species           1
                                       --
     Occupied SCF orbitals              5
     Secondary orbitals                13
     Total number of orbitals          18
     Number of basis functions         18

     Optimization information
     ========================
     Number of configurations              1
     Number of orbital rotations          65
     ---------------------------------------
     Total number of variables            66

     Maximum number of Fock   iterations      0
     Maximum number of DIIS   iterations     60
     Maximum number of QC-SCF iterations     15
     Threshold for SCF convergence     1.00E-06


 >>>>> DIIS optimization of Hartree-Fock <<<<<

 C1-DIIS algorithm; max error vectors =   10

 Iter      Total energy        Error norm    Delta(E)  DIIS dim.
 ---------------------------------------------------------------
 Radial Quadrature : LMG scheme
 Space partitioning: Original Becke partitioning
 Radial integration threshold: 1e-13
 Atom:    1*1 points=18852 compressed from 18852 (114 radial)
 Atom:    2*1 points=16139 compressed from 16146 ( 81 radial)
 Atom:    3*1 points=16139 compressed from 16146 ( 81 radial)
 Number of grid points:    51130 Grid generation time:       0.1 s
K-S electrons/energy :   10.00000238357799   -7.52466936612623 err:0.24E-05
    1      -76.369896368920    7.39741E-04   -5.91E-08    1
K-S electrons/energy :   10.00000238355350   -7.52475335761514 err:0.24E-05
    2      -76.369896410925    3.44512E-04   -4.20E-08    2
K-S electrons/energy :   10.00000238357168   -7.52465177359172 err:0.24E-05
    3      -76.369896412179    3.02207E-04   -1.25E-09    3
K-S electrons/energy :   10.00000238357291   -7.52470191144711 err:0.24E-05
    4      -76.369896416310    1.14135E-05   -4.13E-09    4
K-S electrons/energy :   10.00000238357059   -7.52470072106897 err:0.24E-05
    5      -76.369896416316    6.98967E-07   -6.39E-12    5
 DIIS converged in   5 iterations !


 *** RHF orbital energy analysis ***

 Only the five lowest virtual orbital energies printed in each symmetry.

 Number of electrons :   10
 Orbital occupations :    5

 Hartree-Fock orbital energies, symmetry 1

       -19.12608751    -0.99309510    -0.51313660    -0.36699122    -0.28666561
         0.06828508     0.15187826     0.77701573     0.86432883     0.89514902

    E(LUMO) :     0.06828508 au (symmetry 1)
  - E(HOMO) :    -0.28666561 au (symmetry 1)
  ------------------------------------------
    gap     :     0.35495068 au

 >>> Writing SIRIFC interface file <<<


                    >>> FINAL RESULTS FROM SIRIUS <<<

     Spin multiplicity:           1
     Spatial symmetry:            1
     Total charge of molecule:    0

     Final DFT energy:            -76.369896416316
     Nuclear repulsion:             9.085321141169
     Electronic energy:           -85.455217557485

     Final gradient norm:           0.000000698967

 
     Date and time (Linux)  : Thu Mar  3 22:09:17 2005
     Host name              : pi.biotech.kth.se                       



 >>>> Total CPU  time used in SIRIUS :      5.12 seconds
 >>>> Total wall time used in SIRIUS :      5.00 seconds

 
     Date and time (Linux)  : Thu Mar  3 22:09:17 2005
     Host name              : pi.biotech.kth.se                       

- End of Wave Function Section

 Trust radius squarely increased due to very good ratio.
 Updated trust radius   0.50000
                                   
     Order of the analytical energy-derivative available:   2
     This will be the default.
                                   

Starting in Static Property Section -


 
     Date and time (Linux)  : Thu Mar  3 22:09:17 2005
     Host name              : pi.biotech.kth.se                       
 Radial Quadrature : LMG scheme
 Space partitioning: Original Becke partitioning
 Radial integration threshold: 1e-13
 Atom:    1*1 points=18852 compressed from 18852 (114 radial)
 Atom:    2*1 points=16139 compressed from 16146 ( 81 radial)
 Atom:    3*1 points=16139 compressed from 16146 ( 81 radial)
 Number of grid points:    51130 Grid generation time:       0.1 s


        +---------------------------------------------------------+
        ! Gradient elements calculated directly and from symmetry !
        +---------------------------------------------------------+



        Coordinate    Direct calc.     Tra.-rot. sym.   Difference  
        ------------------------------------------------------------

        O    x        0.0000000000     0.0000000000     0.0000000000
        O    y        0.0000000000     0.0000000000     0.0000000000
        O    z       -0.0000162862     0.0000012165    -0.0000175027
        H1   x       -0.0000007991    -0.0000007991     0.0000000000
        H1   y        0.0000000000     0.0000000000     0.0000000000
        H2   y        0.0000000000     0.0000000000     0.0000000000



 >>> WARNING from TRAROT:

 Largest deviation from tra-rot symmetry is in gradient element  3:  1.75E-05

 
     Date and time (Linux)  : Thu Mar  3 22:09:19 2005
     Host name              : pi.biotech.kth.se                       

 WARNING: warnings have been issued, please check the output above !



 CPU time statistics for ABACUS
 ------------------------------

 ONEINT     00:00:02      98 %

 TOTAL      00:00:02     100 %



 >>>> Total CPU  time used in ABACUS:   1.78 seconds
 >>>> Total wall time used in ABACUS:   2.00 seconds

- End of Static Property Section



       :::::::::::::::::::::::::::::::::::::::::::::::::::::::::::
       ::::::::::::::: Optimization Control Center :::::::::::::::
       :::::::::::::::::::::::::::::::::::::::::::::::::::::::::::



                           Final geometry (au)
                           -------------------

 O          0.0000000000            0.0000000000           -0.2194230519
 H1         1.4413837110            0.0000000000            0.9097115259
 H2        -1.4413837110            0.0000000000            0.9097115259





                         Optimization information
                         ------------------------

 Iteration number               :       6
 End of optimization            :       T 
 Energy at this geometry is     :     -76.369896
 Energy change from last geom.  :       0.000000
 Norm of gradient               :       0.000016
 Norm of step                   :       0.000052
 Updated trust radius           :       0.500000
 Total Hessian index            :       0



Starting in Static Property Section -


 
     Date and time (Linux)  : Thu Mar  3 22:09:19 2005
     Host name              : pi.biotech.kth.se                       


 ***************************************************************************
 ************************ FINAL RESULTS FROM ABACUS ************************
 ***************************************************************************


 
     Date and time (Linux)  : Thu Mar  3 22:09:19 2005
     Host name              : pi.biotech.kth.se                       



                         Molecular geometry (au)
                         -----------------------

 O          0.0000000000            0.0000000000           -0.2194230519
 H1         1.4413837110            0.0000000000            0.9097115259
 H2        -1.4413837110            0.0000000000            0.9097115259





                    Molecular wave function and energy
                    ----------------------------------

     Spin multiplicity  1     State number       1     Total charge       0


     Total energy        -76.3698964163 au (Hartrees)
                         -2078.13053449 eV
                           -200509.1342 kJ/mol




                         Relativistic corrections
                         ------------------------

     Darwin correction:                          0.1947314975 au
     Mass-velocity correction:                  -0.2460024849 au

     Total relativistic correction:             -0.0512709874 au (0.0671%)
     Non-relativistic + relativistic energy:   -76.4211674037 au




                              Dipole moment
                              -------------

                    0.820818 au           2.086312 Debye




                         Dipole moment components
                         ------------------------

                               au             Debye

                    x      0.00000000      0.00000000
                    y      0.00000000      0.00000000
                    z      0.82081821      2.08631155

                        1 a.u. =   2.54175 Debye 





   Interatomic separations (in Angstroms):
   ---------------------------------------

            O           H1          H2    
            ------      ------      ------
 O     :    0.000000
 H1    :    0.968919    0.000000
 H2    :    0.968919    1.525495    0.000000


  Max interatomic separation is    1.5255 Angstroms
  between atoms "H2    " and "H1    ".


  Bond distances (angstroms):
  ---------------------------

                  atom 1     atom 2       distance
                  ------     ------       --------
  bond distance:  H1         O            0.968919
  bond distance:  H2         O            0.968919


  Bond angles (degrees):
  ----------------------

                  atom 1     atom 2     atom 3         angle
                  ------     ------     ------         -----
  bond angle:     H1         O          H2           103.852




 CPU time statistics for ABACUS
 ------------------------------





 >>>> Total CPU  time used in ABACUS:   0.01 seconds
 >>>> Total wall time used in ABACUS:   0.00 seconds

- End of Static Property Section



     <<<<<<<<<<<<<<<<<<<<<<<<<<<<<<<<<<<<<<<<<<<<<<<<<<<<<<<<<<<<<<<
     <<<<<<<<<<<<<<<<<<<<  End of Optimization  <<<<<<<<<<<<<<<<<<<<
     <<<<<<<<<<<<<<<<<<<<<<<<<<<<<<<<<<<<<<<<<<<<<<<<<<<<<<<<<<<<<<<



                              Final geometry
                              --------------

 O          0.0000000000            0.0000000000           -0.2194230519
 H1         1.4413837110            0.0000000000            0.9097115259
 H2        -1.4413837110            0.0000000000            0.9097115259



 Iter     Energy     Change    GradNorm  Index   StepLen    TrustRad #Rej
 ------------------------------------------------------------------------
   0   -76.342047   0.000000   0.249511    0    0.216522*   0.500000   0 
   1   -76.364397  -0.022350   0.063929    0    0.089666*   0.500000   0 
   2   -76.367435  -0.003038   0.034220    0    0.151216*   0.500000   0 
   3   -76.369638  -0.002203   0.015548    0    0.022648*   0.500000   0 
   4   -76.369822  -0.000184   0.009908    0    0.018081*   0.500000   0 
   5   -76.369896  -0.000074   0.000271    0    0.001092*   0.500000   0 
   6   -76.369896   0.000000   0.000016    0    0.000052*   0.500000   0 

 *) Newton step taken.


   Interatomic separations (in Angstroms):
   ---------------------------------------

            O           H1          H2    
            ------      ------      ------
 O     :    0.000000
 H1    :    0.968919    0.000000
 H2    :    0.968919    1.525495    0.000000


  Max interatomic separation is    1.5255 Angstroms
  between atoms "H2    " and "H1    ".


  Bond distances (angstroms):
  ---------------------------

                  atom 1     atom 2       distance
                  ------     ------       --------
  bond distance:  H1         O            0.968919
  bond distance:  H2         O            0.968919


  Bond angles (degrees):
  ----------------------

                  atom 1     atom 2     atom 3         angle
                  ------     ------     ------         -----
  bond angle:     H1         O          H2           103.852



 Geometry converged in  7 iterations!

 Energy at final geometry is       :     -76.369896 a.u.
 Energy change during optimization :      -0.027849 a.u.
                                            -73.118 kJ/mol

 >>>> Total CPU  time used in DALTON:  1 minute   2 seconds
 >>>> Total wall time used in DALTON:  1 minute   1 second 

 
     Date and time (Linux)  : Thu Mar  3 22:09:19 2005
     Host name              : pi.biotech.kth.se                       
